
         /\      Grafana   /‾‾/  
    /\  /  \     |\  __   /  /   
   /  \/    \    | |/ /  /   ‾‾\ 
  /          \   |   (  |  (‾)  |
 / __________ \  |_|\_\  \_____/ 

     execution: local
        script: /scripts/k6-capacity.js
        output: -

     scenarios: (100.00%) 5 scenarios, 4800 max VUs, 1m40s max duration (incl. graceful stop):
              * rps_500: 500.00 iterations/s for 10s (maxVUs: 100-1600, exec: secured, gracefulStop: 30s)
              * rps_1000: 1000.00 iterations/s for 10s (maxVUs: 120-1600, exec: secured, startTime: 15s, gracefulStop: 30s)
              * rps_2000: 2000.00 iterations/s for 10s (maxVUs: 240-1600, exec: secured, startTime: 30s, gracefulStop: 30s)
              * rps_5000: 5000.00 iterations/s for 10s (maxVUs: 600-1600, exec: secured, startTime: 45s, gracefulStop: 30s)
              * rps_10000: 10000.00 iterations/s for 10s (maxVUs: 1200-1600, exec: secured, startTime: 1m0s, gracefulStop: 30s)


running (0m00.0s), 0007/2040 VUs, 4 complete and 0 interrupted iterations
rps_500     [   0% ] 0007/0100 VUs  00.0s/10s  500.00 iters/s
rps_1000  • [   0% ] waiting        15.0s     
rps_2000  • [   0% ] waiting        30.0s     
rps_5000  • [   0% ] waiting        45.0s     
rps_10000 • [   0% ] waiting        1m00.0s   

running (0m01.0s), 0151/2094 VUs, 264 complete and 0 interrupted iterations
rps_500     [  10% ] 0151/0154 VUs  01.0s/10s  500.00 iters/s
rps_1000  • [   0% ] waiting        14.0s     
rps_2000  • [   0% ] waiting        29.0s     
rps_5000  • [   0% ] waiting        44.0s     
rps_10000 • [   0% ] waiting        0m59.0s   

running (0m02.0s), 0225/2166 VUs, 515 complete and 0 interrupted iterations
rps_500     [  20% ] 0225/0226 VUs  02.0s/10s  500.00 iters/s
rps_1000  • [   0% ] waiting        13.0s     
rps_2000  • [   0% ] waiting        28.0s     
rps_5000  • [   0% ] waiting        43.0s     
rps_10000 • [   0% ] waiting        0m58.0s   

running (0m03.1s), 0293/2234 VUs, 782 complete and 0 interrupted iterations
rps_500     [  31% ] 0293/0294 VUs  03.1s/10s  500.00 iters/s
rps_1000  • [   0% ] waiting        11.9s     
rps_2000  • [   0% ] waiting        26.9s     
rps_5000  • [   0% ] waiting        41.9s     
rps_10000 • [   0% ] waiting        0m56.9s   

running (0m04.0s), 0356/2299 VUs, 1032 complete and 0 interrupted iterations
rps_500     [  40% ] 0356/0359 VUs  04.0s/10s  500.00 iters/s
rps_1000  • [   0% ] waiting        11.0s     
rps_2000  • [   0% ] waiting        26.0s     
rps_5000  • [   0% ] waiting        41.0s     
rps_10000 • [   0% ] waiting        0m56.0s   

running (0m05.0s), 0419/2359 VUs, 1309 complete and 0 interrupted iterations
rps_500     [  50% ] 0419/0419 VUs  05.0s/10s  500.00 iters/s
rps_1000  • [   0% ] waiting        10.0s     
rps_2000  • [   0% ] waiting        25.0s     
rps_5000  • [   0% ] waiting        40.0s     
rps_10000 • [   0% ] waiting        0m55.0s   

running (0m06.0s), 0485/2425 VUs, 1575 complete and 0 interrupted iterations
rps_500     [  60% ] 0485/0485 VUs  06.0s/10s  500.00 iters/s
rps_1000  • [   0% ] waiting        09.0s     
rps_2000  • [   0% ] waiting        24.0s     
rps_5000  • [   0% ] waiting        39.0s     
rps_10000 • [   0% ] waiting        0m54.0s   

running (0m07.0s), 0564/2505 VUs, 1811 complete and 0 interrupted iterations
rps_500     [  70% ] 0564/0565 VUs  07.0s/10s  500.00 iters/s
rps_1000  • [   0% ] waiting        08.0s     
rps_2000  • [   0% ] waiting        23.0s     
rps_5000  • [   0% ] waiting        38.0s     
rps_10000 • [   0% ] waiting        0m53.0s   

running (0m08.0s), 0614/2555 VUs, 2030 complete and 0 interrupted iterations
rps_500     [  80% ] 0614/0615 VUs  08.0s/10s  500.00 iters/s
rps_1000  • [   0% ] waiting        07.0s     
rps_2000  • [   0% ] waiting        22.0s     
rps_5000  • [   0% ] waiting        37.0s     
rps_10000 • [   0% ] waiting        0m52.0s   

running (0m09.0s), 0667/2619 VUs, 2274 complete and 0 interrupted iterations
rps_500     [  91% ] 0667/0679 VUs  09.1s/10s  500.00 iters/s
rps_1000  • [   0% ] waiting        05.9s     
rps_2000  • [   0% ] waiting        20.9s     
rps_5000  • [   0% ] waiting        35.9s     
rps_10000 • [   0% ] waiting        0m50.9s   

running (0m10.0s), 0740/2684 VUs, 2509 complete and 0 interrupted iterations
rps_500   ↓ [ 100% ] 0744/0744 VUs  10s  500.00 iters/s
rps_1000  • [   0% ] waiting        05.0s
rps_2000  • [   0% ] waiting        20.0s
rps_5000  • [   0% ] waiting        35.0s
rps_10000 • [   0% ] waiting        0m50.0s

running (0m11.0s), 0441/2684 VUs, 2808 complete and 0 interrupted iterations
rps_500   ↓ [ 100% ] 0744/0744 VUs  10s  500.00 iters/s
rps_1000  • [   0% ] waiting        04.0s
rps_2000  • [   0% ] waiting        19.0s
rps_5000  • [   0% ] waiting        34.0s
rps_10000 • [   0% ] waiting        0m49.0s

running (0m12.0s), 0223/2684 VUs, 3026 complete and 0 interrupted iterations
rps_500   ↓ [ 100% ] 0744/0744 VUs  10s  500.00 iters/s
rps_1000  • [   0% ] waiting        03.0s
rps_2000  • [   0% ] waiting        18.0s
rps_5000  • [   0% ] waiting        33.0s
rps_10000 • [   0% ] waiting        0m48.0s

running (0m13.0s), 0136/2684 VUs, 3113 complete and 0 interrupted iterations
rps_500   ↓ [ 100% ] 0744/0744 VUs  10s  500.00 iters/s
rps_1000  • [   0% ] waiting        02.0s
rps_2000  • [   0% ] waiting        17.0s
rps_5000  • [   0% ] waiting        32.0s
rps_10000 • [   0% ] waiting        0m47.0s

running (0m14.0s), 0110/2684 VUs, 3139 complete and 0 interrupted iterations
rps_500   ↓ [ 100% ] 0744/0744 VUs  10s  500.00 iters/s
rps_1000  • [   0% ] waiting        01.0s
rps_2000  • [   0% ] waiting        16.0s
rps_5000  • [   0% ] waiting        31.0s
rps_10000 • [   0% ] waiting        0m46.0s

running (0m15.0s), 0109/2684 VUs, 3168 complete and 0 interrupted iterations
rps_500   ↓ [ 100% ] 0744/0744 VUs  10s        500.00 iters/s
rps_1000    [   0% ] 0028/0120 VUs  00.0s/10s  1000.00 iters/s
rps_2000  • [   0% ] waiting        15.0s     
rps_5000  • [   0% ] waiting        30.0s     
rps_10000 • [   0% ] waiting        0m45.0s   

running (0m16.0s), 0329/2816 VUs, 3431 complete and 0 interrupted iterations
rps_500   ↓ [ 100% ] 0744/0744 VUs  10s        500.00 iters/s
rps_1000    [  10% ] 0250/0252 VUs  01.0s/10s  1000.00 iters/s
rps_2000  • [   0% ] waiting        14.0s     
rps_5000  • [   0% ] waiting        29.0s     
rps_10000 • [   0% ] waiting        0m44.0s   

running (0m17.0s), 0437/2928 VUs, 3659 complete and 0 interrupted iterations
rps_500   ↓ [ 100% ] 0744/0744 VUs  10s        500.00 iters/s
rps_1000    [  20% ] 0364/0364 VUs  02.0s/10s  1000.00 iters/s
rps_2000  • [   0% ] waiting        13.0s     
rps_5000  • [   0% ] waiting        28.0s     
rps_10000 • [   0% ] waiting        0m43.0s   

running (0m18.0s), 0573/3067 VUs, 3899 complete and 0 interrupted iterations
rps_500   ↓ [ 100% ] 0744/0744 VUs  10s        500.00 iters/s
rps_1000    [  30% ] 0502/0503 VUs  03.0s/10s  1000.00 iters/s
rps_2000  • [   0% ] waiting        12.0s     
rps_5000  • [   0% ] waiting        27.0s     
rps_10000 • [   0% ] waiting        0m42.0s   

running (0m19.0s), 0698/3197 VUs, 4116 complete and 0 interrupted iterations
rps_500   ↓ [ 100% ] 0744/0744 VUs  10s        500.00 iters/s
rps_1000    [  40% ] 0632/0633 VUs  04.0s/10s  1000.00 iters/s
rps_2000  • [   0% ] waiting        11.0s     
rps_5000  • [   0% ] waiting        26.0s     
rps_10000 • [   0% ] waiting        0m41.0s   

running (0m20.0s), 0767/3274 VUs, 4353 complete and 0 interrupted iterations
rps_500   ↓ [ 100% ] 0744/0744 VUs  10s        500.00 iters/s
rps_1000    [  50% ] 0703/0710 VUs  05.0s/10s  1000.00 iters/s
rps_2000  • [   0% ] waiting        10.0s     
rps_5000  • [   0% ] waiting        25.0s     
rps_10000 • [   0% ] waiting        0m40.0s   

running (0m21.0s), 0826/3330 VUs, 4544 complete and 0 interrupted iterations
rps_500   ↓ [ 100% ] 0744/0744 VUs  10s        500.00 iters/s
rps_1000    [  60% ] 0765/0766 VUs  06.0s/10s  1000.00 iters/s
rps_2000  • [   0% ] waiting        09.0s     
rps_5000  • [   0% ] waiting        24.0s     
rps_10000 • [   0% ] waiting        0m39.0s   

running (0m22.0s), 0911/3419 VUs, 4800 complete and 0 interrupted iterations
rps_500   ↓ [ 100% ] 0744/0744 VUs  10s        500.00 iters/s
rps_1000    [  70% ] 0851/0855 VUs  07.0s/10s  1000.00 iters/s
rps_2000  • [   0% ] waiting        08.0s     
rps_5000  • [   0% ] waiting        23.0s     
rps_10000 • [   0% ] waiting        0m38.0s   

running (0m23.0s), 1041/3549 VUs, 5086 complete and 0 interrupted iterations
rps_500   ↓ [ 100% ] 0744/0744 VUs  10s        500.00 iters/s
rps_1000    [  80% ] 0983/0985 VUs  08.0s/10s  1000.00 iters/s
rps_2000  • [   0% ] waiting        07.0s     
rps_5000  • [   0% ] waiting        22.0s     
rps_10000 • [   0% ] waiting        0m37.0s   

running (0m24.0s), 1169/3676 VUs, 5331 complete and 0 interrupted iterations
rps_500   ↓ [ 100% ] 0744/0744 VUs  10s        500.00 iters/s
rps_1000    [  90% ] 1111/1112 VUs  09.0s/10s  1000.00 iters/s
rps_2000  • [   0% ] waiting        06.0s     
rps_5000  • [   0% ] waiting        21.0s     
rps_10000 • [   0% ] waiting        0m36.0s   

running (0m25.0s), 1275/3789 VUs, 5547 complete and 0 interrupted iterations
rps_500   ↓ [ 100% ] 0744/0744 VUs  10s  500.00 iters/s
rps_1000  ↓ [ 100% ] 1224/1225 VUs  10s  1000.00 iters/s
rps_2000  • [   0% ] waiting        05.0s
rps_5000  • [   0% ] waiting        20.0s
rps_10000 • [   0% ] waiting        0m35.0s

running (0m26.0s), 0980/3789 VUs, 5842 complete and 0 interrupted iterations
rps_500   ↓ [ 100% ] 0744/0744 VUs  10s  500.00 iters/s
rps_1000  ↓ [ 100% ] 1224/1225 VUs  10s  1000.00 iters/s
rps_2000  • [   0% ] waiting        04.0s
rps_5000  • [   0% ] waiting        19.0s
rps_10000 • [   0% ] waiting        0m34.0s

running (0m27.1s), 0717/3789 VUs, 6105 complete and 0 interrupted iterations
rps_500   ↓ [ 100% ] 0744/0744 VUs  10s  500.00 iters/s
rps_1000  ↓ [ 100% ] 1224/1225 VUs  10s  1000.00 iters/s
rps_2000  • [   0% ] waiting        02.9s
rps_5000  • [   0% ] waiting        17.9s
rps_10000 • [   0% ] waiting        0m32.9s

running (0m28.0s), 0563/3789 VUs, 6259 complete and 0 interrupted iterations
rps_500   ↓ [ 100% ] 0744/0744 VUs  10s  500.00 iters/s
rps_1000  ↓ [ 100% ] 1224/1225 VUs  10s  1000.00 iters/s
rps_2000  • [   0% ] waiting        02.0s
rps_5000  • [   0% ] waiting        17.0s
rps_10000 • [   0% ] waiting        0m32.0s

running (0m29.1s), 0427/3789 VUs, 6395 complete and 0 interrupted iterations
rps_500   ↓ [ 100% ] 0744/0744 VUs  10s  500.00 iters/s
rps_1000  ↓ [ 100% ] 1224/1225 VUs  10s  1000.00 iters/s
rps_2000  • [   0% ] waiting        00.9s
rps_5000  • [   0% ] waiting        15.9s
rps_10000 • [   0% ] waiting        0m30.9s

running (0m30.0s), 0377/3789 VUs, 6510 complete and 0 interrupted iterations
rps_500   ↓ [ 100% ] 0744/0744 VUs  10s        500.00 iters/s
rps_1000  ↓ [ 100% ] 1224/1225 VUs  10s        1000.00 iters/s
rps_2000    [   0% ] 0065/0240 VUs  00.0s/10s  2000.00 iters/s
rps_5000  • [   0% ] waiting        15.0s     
rps_10000 • [   0% ] waiting        0m30.0s   

running (0m31.0s), 0679/3929 VUs, 6771 complete and 0 interrupted iterations
rps_500   ↓ [ 100% ] 0744/0744 VUs  10s        500.00 iters/s
rps_1000  ↓ [ 100% ] 1224/1225 VUs  10s        1000.00 iters/s
rps_2000    [  10% ] 0369/0380 VUs  01.0s/10s  2000.00 iters/s
rps_5000  • [   0% ] waiting        14.0s     
rps_10000 • [   0% ] waiting        0m29.0s   

running (0m32.0s), 0836/4085 VUs, 7013 complete and 0 interrupted iterations
rps_500   ↓ [ 100% ] 0744/0744 VUs  10s        500.00 iters/s
rps_1000  ↓ [ 100% ] 1224/1225 VUs  10s        1000.00 iters/s
rps_2000    [  20% ] 0536/0536 VUs  02.0s/10s  2000.00 iters/s
rps_5000  • [   0% ] waiting        13.0s     
rps_10000 • [   0% ] waiting        0m28.0s   

running (0m33.0s), 0992/4247 VUs, 7281 complete and 0 interrupted iterations
rps_500   ↓ [ 100% ] 0744/0744 VUs  10s        500.00 iters/s
rps_1000  ↓ [ 100% ] 1224/1225 VUs  10s        1000.00 iters/s
rps_2000    [  30% ] 0697/0698 VUs  03.0s/10s  2000.00 iters/s
rps_5000  • [   0% ] waiting        12.0s     
rps_10000 • [   0% ] waiting        0m27.0s   

running (0m34.1s), 1048/4332 VUs, 7494 complete and 0 interrupted iterations
rps_500   ↓ [ 100% ] 0744/0744 VUs  10s        500.00 iters/s
rps_1000  ↓ [ 100% ] 1224/1225 VUs  10s        1000.00 iters/s
rps_2000    [  41% ] 0757/0783 VUs  04.1s/10s  2000.00 iters/s
rps_5000  • [   0% ] waiting        10.9s     
rps_10000 • [   0% ] waiting        0m25.9s   

running (0m35.1s), 1132/4396 VUs, 7745 complete and 0 interrupted iterations
rps_500   ↓ [ 100% ] 0744/0744 VUs  10s        500.00 iters/s
rps_1000  ↓ [ 100% ] 1224/1225 VUs  10s        1000.00 iters/s
rps_2000    [  51% ] 0842/0847 VUs  05.1s/10s  2000.00 iters/s
rps_5000  • [   0% ] waiting        09.9s     
rps_10000 • [   0% ] waiting        0m24.9s   

running (0m36.0s), 1190/4459 VUs, 7933 complete and 0 interrupted iterations
rps_500   ↓ [ 100% ] 0744/0744 VUs  10s        500.00 iters/s
rps_1000  ↓ [ 100% ] 1224/1225 VUs  10s        1000.00 iters/s
rps_2000    [  60% ] 0903/0910 VUs  06.0s/10s  2000.00 iters/s
rps_5000  • [   0% ] waiting        09.0s     
rps_10000 • [   0% ] waiting        0m24.0s   

running (0m37.0s), 1284/4550 VUs, 8135 complete and 0 interrupted iterations
rps_500   ↓ [ 100% ] 0744/0744 VUs  10s        500.00 iters/s
rps_1000  ↓ [ 100% ] 1224/1225 VUs  10s        1000.00 iters/s
rps_2000    [  70% ] 0999/1001 VUs  07.0s/10s  2000.00 iters/s
rps_5000  • [   0% ] waiting        08.0s     
rps_10000 • [   0% ] waiting        0m23.0s   

running (0m38.0s), 1372/4639 VUs, 8390 complete and 0 interrupted iterations
rps_500   ↓ [ 100% ] 0744/0744 VUs  10s        500.00 iters/s
rps_1000  ↓ [ 100% ] 1224/1225 VUs  10s        1000.00 iters/s
rps_2000    [  80% ] 1088/1090 VUs  08.0s/10s  2000.00 iters/s
rps_5000  • [   0% ] waiting        07.0s     
rps_10000 • [   0% ] waiting        0m22.0s   

running (0m39.0s), 1549/4800 VUs, 8630 complete and 0 interrupted iterations
rps_500   ↓ [ 100% ] 0744/0744 VUs  10s        500.00 iters/s
rps_1000  ↓ [ 100% ] 1224/1225 VUs  10s        1000.00 iters/s
rps_2000    [  90% ] 1268/1268 VUs  09.0s/10s  2000.00 iters/s
rps_5000  • [   0% ] waiting        06.0s     
rps_10000 • [   0% ] waiting        0m21.0s   
time="2026-08-11T11:02:26Z" level=warning msg="Insufficient VUs, reached 1600 active VUs and cannot initialize more" executor=constant-arrival-rate scenario=rps_2000

running (0m40.0s), 1822/4800 VUs, 8884 complete and 46 interrupted iterations
rps_500   ✓ [ 100% ] 0046/0744 VUs  10s  500.00 iters/s
rps_1000  ↓ [ 100% ] 1224/1225 VUs  10s  1000.00 iters/s
rps_2000  ↓ [ 100% ] 1600/1600 VUs  10s  2000.00 iters/s
rps_5000  • [   0% ] waiting        05.0s
rps_10000 • [   0% ] waiting        0m20.0s

running (0m41.0s), 1547/4800 VUs, 9159 complete and 46 interrupted iterations
rps_500   ✓ [ 100% ] 0046/0744 VUs  10s  500.00 iters/s
rps_1000  ↓ [ 100% ] 1224/1225 VUs  10s  1000.00 iters/s
rps_2000  ↓ [ 100% ] 1600/1600 VUs  10s  2000.00 iters/s
rps_5000  • [   0% ] waiting        04.0s
rps_10000 • [   0% ] waiting        0m19.0s

running (0m42.0s), 1272/4800 VUs, 9434 complete and 46 interrupted iterations
rps_500   ✓ [ 100% ] 0046/0744 VUs  10s  500.00 iters/s
rps_1000  ↓ [ 100% ] 1224/1225 VUs  10s  1000.00 iters/s
rps_2000  ↓ [ 100% ] 1600/1600 VUs  10s  2000.00 iters/s
rps_5000  • [   0% ] waiting        03.0s
rps_10000 • [   0% ] waiting        0m18.0s

running (0m43.0s), 1041/4800 VUs, 9665 complete and 46 interrupted iterations
rps_500   ✓ [ 100% ] 0046/0744 VUs  10s  500.00 iters/s
rps_1000  ↓ [ 100% ] 1224/1225 VUs  10s  1000.00 iters/s
rps_2000  ↓ [ 100% ] 1600/1600 VUs  10s  2000.00 iters/s
rps_5000  • [   0% ] waiting        02.0s
rps_10000 • [   0% ] waiting        0m17.0s

running (0m44.0s), 0913/4800 VUs, 9793 complete and 46 interrupted iterations
rps_500   ✓ [ 100% ] 0046/0744 VUs  10s  500.00 iters/s
rps_1000  ↓ [ 100% ] 1224/1225 VUs  10s  1000.00 iters/s
rps_2000  ↓ [ 100% ] 1600/1600 VUs  10s  2000.00 iters/s
rps_5000  • [   0% ] waiting        01.0s
rps_10000 • [   0% ] waiting        0m16.0s

running (0m45.0s), 0867/4800 VUs, 9937 complete and 46 interrupted iterations
rps_500   ✓ [ 100% ] 0046/0744 VUs  10s        500.00 iters/s
rps_1000  ↓ [ 100% ] 1224/1225 VUs  10s        1000.00 iters/s
rps_2000  ↓ [ 100% ] 1600/1600 VUs  10s        2000.00 iters/s
rps_5000    [   0% ] 0098/0600 VUs  00.0s/10s  5000.00 iters/s
rps_10000 • [   0% ] waiting        0m15.0s   
time="2026-08-11T11:02:32Z" level=warning msg="Request Failed" error="Get \"http://sample-financial-api.irestrict-apps.svc.cluster.local/v1/accounts\": dial: i/o timeout"
time="2026-08-11T11:02:32Z" level=warning msg="Request Failed" error="Get \"http://sample-financial-api.irestrict-apps.svc.cluster.local/v1/accounts\": dial: i/o timeout"
time="2026-08-11T11:02:32Z" level=warning msg="Request Failed" error="Get \"http://sample-financial-api.irestrict-apps.svc.cluster.local/v1/accounts\": dial: i/o timeout"
time="2026-08-11T11:02:32Z" level=warning msg="Request Failed" error="Get \"http://sample-financial-api.irestrict-apps.svc.cluster.local/v1/accounts\": dial: i/o timeout"
time="2026-08-11T11:02:32Z" level=warning msg="Request Failed" error="Get \"http://sample-financial-api.irestrict-apps.svc.cluster.local/v1/accounts\": dial: i/o timeout"
time="2026-08-11T11:02:32Z" level=warning msg="Request Failed" error="Get \"http://sample-financial-api.irestrict-apps.svc.cluster.local/v1/accounts\": dial: i/o timeout"
time="2026-08-11T11:02:32Z" level=warning msg="Request Failed" error="Get \"http://sample-financial-api.irestrict-apps.svc.cluster.local/v1/accounts\": dial: i/o timeout"

running (0m46.0s), 1879/4800 VUs, 10196 complete and 46 interrupted iterations
rps_500   ✓ [ 100% ] 0046/0744 VUs  10s        500.00 iters/s
rps_1000  ↓ [ 100% ] 1224/1225 VUs  10s        1000.00 iters/s
rps_2000  ↓ [ 100% ] 1600/1600 VUs  10s        2000.00 iters/s
rps_5000    [  10% ] 1122/1123 VUs  01.0s/10s  5000.00 iters/s
rps_10000 • [   0% ] waiting        0m14.0s   
time="2026-08-11T11:02:33Z" level=warning msg="Insufficient VUs, reached 1600 active VUs and cannot initialize more" executor=constant-arrival-rate scenario=rps_5000

running (0m47.0s), 2345/4800 VUs, 10424 complete and 46 interrupted iterations
rps_500   ✓ [ 100% ] 0046/0744 VUs  10s        500.00 iters/s
rps_1000  ↓ [ 100% ] 1224/1225 VUs  10s        1000.00 iters/s
rps_2000  ↓ [ 100% ] 1600/1600 VUs  10s        2000.00 iters/s
rps_5000    [  20% ] 1600/1600 VUs  02.0s/10s  5000.00 iters/s
rps_10000 • [   0% ] waiting        0m13.0s   

running (0m48.0s), 2332/4800 VUs, 10613 complete and 46 interrupted iterations
rps_500   ✓ [ 100% ] 0046/0744 VUs  10s        500.00 iters/s
rps_1000  ↓ [ 100% ] 1224/1225 VUs  10s        1000.00 iters/s
rps_2000  ↓ [ 100% ] 1600/1600 VUs  10s        2000.00 iters/s
rps_5000    [  30% ] 1600/1600 VUs  03.0s/10s  5000.00 iters/s
rps_10000 • [   0% ] waiting        0m12.0s   
time="2026-08-11T11:02:35Z" level=warning msg="Request Failed" error="Get \"http://sample-financial-api.irestrict-apps.svc.cluster.local/v1/accounts\": dial: i/o timeout"
time="2026-08-11T11:02:35Z" level=warning msg="Request Failed" error="Get \"http://sample-financial-api.irestrict-apps.svc.cluster.local/v1/accounts\": dial: i/o timeout"
time="2026-08-11T11:02:35Z" level=warning msg="Request Failed" error="Get \"http://sample-financial-api.irestrict-apps.svc.cluster.local/v1/accounts\": dial: i/o timeout"
time="2026-08-11T11:02:35Z" level=warning msg="Request Failed" error="Get \"http://sample-financial-api.irestrict-apps.svc.cluster.local/v1/accounts\": dial: i/o timeout"
time="2026-08-11T11:02:35Z" level=warning msg="Request Failed" error="Get \"http://sample-financial-api.irestrict-apps.svc.cluster.local/v1/accounts\": dial: i/o timeout"
time="2026-08-11T11:02:35Z" level=warning msg="Request Failed" error="Get \"http://sample-financial-api.irestrict-apps.svc.cluster.local/v1/accounts\": dial: i/o timeout"
time="2026-08-11T11:02:35Z" level=warning msg="Request Failed" error="Get \"http://sample-financial-api.irestrict-apps.svc.cluster.local/v1/accounts\": dial: i/o timeout"
time="2026-08-11T11:02:35Z" level=warning msg="Request Failed" error="Get \"http://sample-financial-api.irestrict-apps.svc.cluster.local/v1/accounts\": dial: i/o timeout"
time="2026-08-11T11:02:35Z" level=warning msg="Request Failed" error="Get \"http://sample-financial-api.irestrict-apps.svc.cluster.local/v1/accounts\": dial: i/o timeout"
time="2026-08-11T11:02:35Z" level=warning msg="Request Failed" error="Get \"http://sample-financial-api.irestrict-apps.svc.cluster.local/v1/accounts\": dial: i/o timeout"
time="2026-08-11T11:02:35Z" level=warning msg="Request Failed" error="Get \"http://sample-financial-api.irestrict-apps.svc.cluster.local/v1/accounts\": dial: i/o timeout"

running (0m49.0s), 2312/4800 VUs, 10853 complete and 46 interrupted iterations
rps_500   ✓ [ 100% ] 0046/0744 VUs  10s        500.00 iters/s
rps_1000  ↓ [ 100% ] 1224/1225 VUs  10s        1000.00 iters/s
rps_2000  ↓ [ 100% ] 1600/1600 VUs  10s        2000.00 iters/s
rps_5000    [  40% ] 1599/1600 VUs  04.0s/10s  5000.00 iters/s
rps_10000 • [   0% ] waiting        0m11.0s   
time="2026-08-11T11:02:35Z" level=warning msg="Request Failed" error="Get \"http://sample-financial-api.irestrict-apps.svc.cluster.local/v1/accounts\": dial: i/o timeout"
time="2026-08-11T11:02:35Z" level=warning msg="Request Failed" error="Get \"http://sample-financial-api.irestrict-apps.svc.cluster.local/v1/accounts\": dial: i/o timeout"
time="2026-08-11T11:02:35Z" level=warning msg="Request Failed" error="Get \"http://sample-financial-api.irestrict-apps.svc.cluster.local/v1/accounts\": dial: i/o timeout"
time="2026-08-11T11:02:36Z" level=warning msg="Request Failed" error="Get \"http://sample-financial-api.irestrict-apps.svc.cluster.local/v1/accounts\": dial: i/o timeout"
time="2026-08-11T11:02:36Z" level=warning msg="Request Failed" error="Get \"http://sample-financial-api.irestrict-apps.svc.cluster.local/v1/accounts\": dial: i/o timeout"
time="2026-08-11T11:02:36Z" level=warning msg="Request Failed" error="Get \"http://sample-financial-api.irestrict-apps.svc.cluster.local/v1/accounts\": dial: i/o timeout"
time="2026-08-11T11:02:36Z" level=warning msg="Request Failed" error="Get \"http://sample-financial-api.irestrict-apps.svc.cluster.local/v1/accounts\": dial: i/o timeout"
time="2026-08-11T11:02:36Z" level=warning msg="Request Failed" error="Get \"http://sample-financial-api.irestrict-apps.svc.cluster.local/v1/accounts\": dial: i/o timeout"
time="2026-08-11T11:02:36Z" level=warning msg="Request Failed" error="Get \"http://sample-financial-api.irestrict-apps.svc.cluster.local/v1/accounts\": dial: i/o timeout"

running (0m50.0s), 2299/4800 VUs, 11083 complete and 46 interrupted iterations
rps_500   ✓ [ 100% ] 0046/0744 VUs  10s        500.00 iters/s
rps_1000  ↓ [ 100% ] 1224/1225 VUs  10s        1000.00 iters/s
rps_2000  ↓ [ 100% ] 1600/1600 VUs  10s        2000.00 iters/s
rps_5000    [  50% ] 1599/1600 VUs  05.0s/10s  5000.00 iters/s
rps_10000 • [   0% ] waiting        0m10.0s   

running (0m51.0s), 2295/4800 VUs, 11368 complete and 46 interrupted iterations
rps_500   ✓ [ 100% ] 0046/0744 VUs  10s        500.00 iters/s
rps_1000  ↓ [ 100% ] 1224/1225 VUs  10s        1000.00 iters/s
rps_2000  ↓ [ 100% ] 1600/1600 VUs  10s        2000.00 iters/s
rps_5000    [  60% ] 1600/1600 VUs  06.0s/10s  5000.00 iters/s
rps_10000 • [   0% ] waiting        0m09.0s   

running (0m52.0s), 2289/4800 VUs, 11650 complete and 46 interrupted iterations
rps_500   ✓ [ 100% ] 0046/0744 VUs  10s        500.00 iters/s
rps_1000  ↓ [ 100% ] 1224/1225 VUs  10s        1000.00 iters/s
rps_2000  ↓ [ 100% ] 1600/1600 VUs  10s        2000.00 iters/s
rps_5000    [  70% ] 1600/1600 VUs  07.0s/10s  5000.00 iters/s
rps_10000 • [   0% ] waiting        0m08.0s   

running (0m53.0s), 2286/4800 VUs, 11933 complete and 46 interrupted iterations
rps_500   ✓ [ 100% ] 0046/0744 VUs  10s        500.00 iters/s
rps_1000  ↓ [ 100% ] 1224/1225 VUs  10s        1000.00 iters/s
rps_2000  ↓ [ 100% ] 1600/1600 VUs  10s        2000.00 iters/s
rps_5000    [  80% ] 1600/1600 VUs  08.0s/10s  5000.00 iters/s
rps_10000 • [   0% ] waiting        0m07.0s   

running (0m54.0s), 2276/4800 VUs, 12211 complete and 46 interrupted iterations
rps_500   ✓ [ 100% ] 0046/0744 VUs  10s        500.00 iters/s
rps_1000  ↓ [ 100% ] 1224/1225 VUs  10s        1000.00 iters/s
rps_2000  ↓ [ 100% ] 1600/1600 VUs  10s        2000.00 iters/s
rps_5000    [  90% ] 1598/1600 VUs  09.0s/10s  5000.00 iters/s
rps_10000 • [   0% ] waiting        0m06.0s   

running (0m55.0s), 2268/4800 VUs, 12414 complete and 46 interrupted iterations
rps_500   ✓ [ 100% ] 0046/0744 VUs  10s  500.00 iters/s
rps_1000  ✓ [ 100% ] 0162/1225 VUs  10s  1000.00 iters/s
rps_2000  ↓ [ 100% ] 1600/1600 VUs  10s  2000.00 iters/s
rps_5000  ↓ [ 100% ] 1599/1600 VUs  10s  5000.00 iters/s
rps_10000 • [   0% ] waiting        0m05.0s

running (0m56.0s), 1832/4800 VUs, 12688 complete and 208 interrupted iterations
rps_500   ✓ [ 100% ] 0046/0744 VUs  10s  500.00 iters/s
rps_1000  ✓ [ 100% ] 0162/1225 VUs  10s  1000.00 iters/s
rps_2000  ↓ [ 100% ] 1600/1600 VUs  10s  2000.00 iters/s
rps_5000  ↓ [ 100% ] 1599/1600 VUs  10s  5000.00 iters/s
rps_10000 • [   0% ] waiting        0m04.0s

running (0m57.0s), 1620/4800 VUs, 12900 complete and 208 interrupted iterations
rps_500   ✓ [ 100% ] 0046/0744 VUs  10s  500.00 iters/s
rps_1000  ✓ [ 100% ] 0162/1225 VUs  10s  1000.00 iters/s
rps_2000  ↓ [ 100% ] 1600/1600 VUs  10s  2000.00 iters/s
rps_5000  ↓ [ 100% ] 1599/1600 VUs  10s  5000.00 iters/s
rps_10000 • [   0% ] waiting        0m03.0s
time="2026-08-11T11:02:44Z" level=warning msg="Request Failed" error="Get \"http://sample-financial-api.irestrict-apps.svc.cluster.local/v1/accounts\": read tcp 10.73.1.31:42968->10.0.158.110:80: read: connection reset by peer"

running (0m58.0s), 1484/4800 VUs, 13036 complete and 208 interrupted iterations
rps_500   ✓ [ 100% ] 0046/0744 VUs  10s  500.00 iters/s
rps_1000  ✓ [ 100% ] 0162/1225 VUs  10s  1000.00 iters/s
rps_2000  ↓ [ 100% ] 1600/1600 VUs  10s  2000.00 iters/s
rps_5000  ↓ [ 100% ] 1599/1600 VUs  10s  5000.00 iters/s
rps_10000 • [   0% ] waiting        0m02.0s

running (0m59.0s), 1435/4800 VUs, 13085 complete and 208 interrupted iterations
rps_500   ✓ [ 100% ] 0046/0744 VUs  10s  500.00 iters/s
rps_1000  ✓ [ 100% ] 0162/1225 VUs  10s  1000.00 iters/s
rps_2000  ↓ [ 100% ] 1600/1600 VUs  10s  2000.00 iters/s
rps_5000  ↓ [ 100% ] 1599/1600 VUs  10s  5000.00 iters/s
rps_10000 • [   0% ] waiting        0m01.0s
time="2026-08-11T11:02:45Z" level=warning msg="Request Failed" error="Get \"http://sample-financial-api.irestrict-apps.svc.cluster.local/v1/accounts\": read tcp 10.73.1.31:45740->10.0.158.110:80: read: connection reset by peer"

running (1m00.0s), 1508/4800 VUs, 13123 complete and 208 interrupted iterations
rps_500   ✓ [ 100% ] 0046/0744 VUs  10s        500.00 iters/s
rps_1000  ✓ [ 100% ] 0162/1225 VUs  10s        1000.00 iters/s
rps_2000  ↓ [ 100% ] 1600/1600 VUs  10s        2000.00 iters/s
rps_5000  ↓ [ 100% ] 1599/1600 VUs  10s        5000.00 iters/s
rps_10000   [   0% ] 0112/1200 VUs  00.0s/10s  10000.00 iters/s
time="2026-08-11T11:02:46Z" level=warning msg="Request Failed" error="Get \"http://sample-financial-api.irestrict-apps.svc.cluster.local/v1/accounts\": read tcp 10.73.1.31:57086->10.0.158.110:80: read: connection reset by peer"

running (1m01.0s), 2831/4800 VUs, 13345 complete and 208 interrupted iterations
rps_500   ✓ [ 100% ] 0046/0744 VUs  10s        500.00 iters/s
rps_1000  ✓ [ 100% ] 0162/1225 VUs  10s        1000.00 iters/s
rps_2000  ↓ [ 100% ] 1600/1600 VUs  10s        2000.00 iters/s
rps_5000  ↓ [ 100% ] 1599/1600 VUs  10s        5000.00 iters/s
rps_10000   [  10% ] 1438/1441 VUs  01.0s/10s  10000.00 iters/s
time="2026-08-11T11:02:47Z" level=warning msg="Insufficient VUs, reached 1600 active VUs and cannot initialize more" executor=constant-arrival-rate scenario=rps_10000
time="2026-08-11T11:02:47Z" level=warning msg="Request Failed" error="Get \"http://sample-financial-api.irestrict-apps.svc.cluster.local/v1/accounts\": dial: i/o timeout"
time="2026-08-11T11:02:47Z" level=warning msg="Request Failed" error="Get \"http://sample-financial-api.irestrict-apps.svc.cluster.local/v1/accounts\": dial: i/o timeout"
time="2026-08-11T11:02:47Z" level=warning msg="Request Failed" error="Get \"http://sample-financial-api.irestrict-apps.svc.cluster.local/v1/accounts\": dial: i/o timeout"
time="2026-08-11T11:02:47Z" level=warning msg="Request Failed" error="Get \"http://sample-financial-api.irestrict-apps.svc.cluster.local/v1/accounts\": dial: i/o timeout"
time="2026-08-11T11:02:47Z" level=warning msg="Request Failed" error="Get \"http://sample-financial-api.irestrict-apps.svc.cluster.local/v1/accounts\": dial: i/o timeout"
time="2026-08-11T11:02:47Z" level=warning msg="Request Failed" error="Get \"http://sample-financial-api.irestrict-apps.svc.cluster.local/v1/accounts\": dial: i/o timeout"
time="2026-08-11T11:02:48Z" level=warning msg="Request Failed" error="Get \"http://sample-financial-api.irestrict-apps.svc.cluster.local/v1/accounts\": dial: i/o timeout"
time="2026-08-11T11:02:48Z" level=warning msg="Request Failed" error="Get \"http://sample-financial-api.irestrict-apps.svc.cluster.local/v1/accounts\": dial: i/o timeout"
time="2026-08-11T11:02:48Z" level=warning msg="Request Failed" error="Get \"http://sample-financial-api.irestrict-apps.svc.cluster.local/v1/accounts\": dial: i/o timeout"
time="2026-08-11T11:02:48Z" level=warning msg="Request Failed" error="Get \"http://sample-financial-api.irestrict-apps.svc.cluster.local/v1/accounts\": dial: i/o timeout"
time="2026-08-11T11:02:48Z" level=warning msg="Request Failed" error="Get \"http://sample-financial-api.irestrict-apps.svc.cluster.local/v1/accounts\": dial: i/o timeout"
time="2026-08-11T11:02:48Z" level=warning msg="Request Failed" error="Get \"http://sample-financial-api.irestrict-apps.svc.cluster.local/v1/accounts\": dial: i/o timeout"

running (1m02.0s), 2976/4800 VUs, 13573 complete and 208 interrupted iterations
rps_500   ✓ [ 100% ] 0046/0744 VUs  10s        500.00 iters/s
rps_1000  ✓ [ 100% ] 0162/1225 VUs  10s        1000.00 iters/s
rps_2000  ↓ [ 100% ] 1600/1600 VUs  10s        2000.00 iters/s
rps_5000  ↓ [ 100% ] 1599/1600 VUs  10s        5000.00 iters/s
rps_10000   [  20% ] 1600/1600 VUs  02.0s/10s  10000.00 iters/s
time="2026-08-11T11:02:49Z" level=warning msg="Request Failed" error="Get \"http://sample-financial-api.irestrict-apps.svc.cluster.local/v1/accounts\": dial: i/o timeout"

running (1m03.0s), 2967/4800 VUs, 13871 complete and 208 interrupted iterations
rps_500   ✓ [ 100% ] 0046/0744 VUs  10s        500.00 iters/s
rps_1000  ✓ [ 100% ] 0162/1225 VUs  10s        1000.00 iters/s
rps_2000  ↓ [ 100% ] 1600/1600 VUs  10s        2000.00 iters/s
rps_5000  ↓ [ 100% ] 1599/1600 VUs  10s        5000.00 iters/s
rps_10000   [  30% ] 1600/1600 VUs  03.0s/10s  10000.00 iters/s
time="2026-08-11T11:02:49Z" level=warning msg="Request Failed" error="Get \"http://sample-financial-api.irestrict-apps.svc.cluster.local/v1/accounts\": dial: i/o timeout"
time="2026-08-11T11:02:49Z" level=warning msg="Request Failed" error="Get \"http://sample-financial-api.irestrict-apps.svc.cluster.local/v1/accounts\": dial: i/o timeout"
time="2026-08-11T11:02:50Z" level=warning msg="Request Failed" error="Get \"http://sample-financial-api.irestrict-apps.svc.cluster.local/v1/accounts\": dial: i/o timeout"

running (1m04.0s), 2961/4800 VUs, 14088 complete and 208 interrupted iterations
rps_500   ✓ [ 100% ] 0046/0744 VUs  10s        500.00 iters/s
rps_1000  ✓ [ 100% ] 0162/1225 VUs  10s        1000.00 iters/s
rps_2000  ↓ [ 100% ] 1600/1600 VUs  10s        2000.00 iters/s
rps_5000  ↓ [ 100% ] 1599/1600 VUs  10s        5000.00 iters/s
rps_10000   [  40% ] 1600/1600 VUs  04.0s/10s  10000.00 iters/s
time="2026-08-11T11:02:50Z" level=warning msg="Request Failed" error="Get \"http://sample-financial-api.irestrict-apps.svc.cluster.local/v1/accounts\": dial: i/o timeout"
time="2026-08-11T11:02:50Z" level=warning msg="Request Failed" error="Get \"http://sample-financial-api.irestrict-apps.svc.cluster.local/v1/accounts\": dial: i/o timeout"
time="2026-08-11T11:02:50Z" level=warning msg="Request Failed" error="Get \"http://sample-financial-api.irestrict-apps.svc.cluster.local/v1/accounts\": dial: i/o timeout"
time="2026-08-11T11:02:50Z" level=warning msg="Request Failed" error="Get \"http://sample-financial-api.irestrict-apps.svc.cluster.local/v1/accounts\": dial: i/o timeout"
time="2026-08-11T11:02:50Z" level=warning msg="Request Failed" error="Get \"http://sample-financial-api.irestrict-apps.svc.cluster.local/v1/accounts\": dial: i/o timeout"

running (1m05.0s), 2950/4800 VUs, 14371 complete and 208 interrupted iterations
rps_500   ✓ [ 100% ] 0046/0744 VUs  10s        500.00 iters/s
rps_1000  ✓ [ 100% ] 0162/1225 VUs  10s        1000.00 iters/s
rps_2000  ↓ [ 100% ] 1600/1600 VUs  10s        2000.00 iters/s
rps_5000  ↓ [ 100% ] 1599/1600 VUs  10s        5000.00 iters/s
rps_10000   [  50% ] 1599/1600 VUs  05.0s/10s  10000.00 iters/s
time="2026-08-11T11:02:51Z" level=warning msg="Request Failed" error="Get \"http://sample-financial-api.irestrict-apps.svc.cluster.local/v1/accounts\": dial: i/o timeout"
time="2026-08-11T11:02:51Z" level=warning msg="Request Failed" error="Get \"http://sample-financial-api.irestrict-apps.svc.cluster.local/v1/accounts\": dial: i/o timeout"

running (1m06.0s), 2943/4800 VUs, 14625 complete and 208 interrupted iterations
rps_500   ✓ [ 100% ] 0046/0744 VUs  10s        500.00 iters/s
rps_1000  ✓ [ 100% ] 0162/1225 VUs  10s        1000.00 iters/s
rps_2000  ↓ [ 100% ] 1600/1600 VUs  10s        2000.00 iters/s
rps_5000  ↓ [ 100% ] 1599/1600 VUs  10s        5000.00 iters/s
rps_10000   [  60% ] 1600/1600 VUs  06.0s/10s  10000.00 iters/s

running (1m07.0s), 2933/4800 VUs, 14887 complete and 208 interrupted iterations
rps_500   ✓ [ 100% ] 0046/0744 VUs  10s        500.00 iters/s
rps_1000  ✓ [ 100% ] 0162/1225 VUs  10s        1000.00 iters/s
rps_2000  ↓ [ 100% ] 1600/1600 VUs  10s        2000.00 iters/s
rps_5000  ↓ [ 100% ] 1599/1600 VUs  10s        5000.00 iters/s
rps_10000   [  70% ] 1600/1600 VUs  07.0s/10s  10000.00 iters/s

running (1m08.0s), 2931/4800 VUs, 15146 complete and 208 interrupted iterations
rps_500   ✓ [ 100% ] 0046/0744 VUs  10s        500.00 iters/s
rps_1000  ✓ [ 100% ] 0162/1225 VUs  10s        1000.00 iters/s
rps_2000  ↓ [ 100% ] 1600/1600 VUs  10s        2000.00 iters/s
rps_5000  ↓ [ 100% ] 1599/1600 VUs  10s        5000.00 iters/s
rps_10000   [  80% ] 1600/1600 VUs  08.0s/10s  10000.00 iters/s

running (1m09.0s), 2931/4800 VUs, 15412 complete and 208 interrupted iterations
rps_500   ✓ [ 100% ] 0046/0744 VUs  10s        500.00 iters/s
rps_1000  ✓ [ 100% ] 0162/1225 VUs  10s        1000.00 iters/s
rps_2000  ↓ [ 100% ] 1600/1600 VUs  10s        2000.00 iters/s
rps_5000  ↓ [ 100% ] 1599/1600 VUs  10s        5000.00 iters/s
rps_10000   [  90% ] 1600/1600 VUs  09.0s/10s  10000.00 iters/s

running (1m10.1s), 2927/4800 VUs, 15646 complete and 208 interrupted iterations
rps_500   ✓ [ 100% ] 0046/0744 VUs  10s  500.00 iters/s
rps_1000  ✓ [ 100% ] 0162/1225 VUs  10s  1000.00 iters/s
rps_2000  ✓ [ 100% ] 0426/1600 VUs  10s  2000.00 iters/s
rps_5000  ↓ [ 100% ] 1599/1600 VUs  10s  5000.00 iters/s
rps_10000 ↓ [ 100% ] 1599/1600 VUs  10s  10000.00 iters/s

running (1m11.0s), 2282/4800 VUs, 15865 complete and 634 interrupted iterations
rps_500   ✓ [ 100% ] 0046/0744 VUs  10s  500.00 iters/s
rps_1000  ✓ [ 100% ] 0162/1225 VUs  10s  1000.00 iters/s
rps_2000  ✓ [ 100% ] 0426/1600 VUs  10s  2000.00 iters/s
rps_5000  ↓ [ 100% ] 1599/1600 VUs  10s  5000.00 iters/s
rps_10000 ↓ [ 100% ] 1599/1600 VUs  10s  10000.00 iters/s

running (1m12.0s), 2078/4800 VUs, 16069 complete and 634 interrupted iterations
rps_500   ✓ [ 100% ] 0046/0744 VUs  10s  500.00 iters/s
rps_1000  ✓ [ 100% ] 0162/1225 VUs  10s  1000.00 iters/s
rps_2000  ✓ [ 100% ] 0426/1600 VUs  10s  2000.00 iters/s
rps_5000  ↓ [ 100% ] 1599/1600 VUs  10s  5000.00 iters/s
rps_10000 ↓ [ 100% ] 1599/1600 VUs  10s  10000.00 iters/s

running (1m13.0s), 1967/4800 VUs, 16180 complete and 634 interrupted iterations
rps_500   ✓ [ 100% ] 0046/0744 VUs  10s  500.00 iters/s
rps_1000  ✓ [ 100% ] 0162/1225 VUs  10s  1000.00 iters/s
rps_2000  ✓ [ 100% ] 0426/1600 VUs  10s  2000.00 iters/s
rps_5000  ↓ [ 100% ] 1599/1600 VUs  10s  5000.00 iters/s
rps_10000 ↓ [ 100% ] 1599/1600 VUs  10s  10000.00 iters/s

running (1m14.0s), 1931/4800 VUs, 16216 complete and 634 interrupted iterations
rps_500   ✓ [ 100% ] 0046/0744 VUs  10s  500.00 iters/s
rps_1000  ✓ [ 100% ] 0162/1225 VUs  10s  1000.00 iters/s
rps_2000  ✓ [ 100% ] 0426/1600 VUs  10s  2000.00 iters/s
rps_5000  ↓ [ 100% ] 1599/1600 VUs  10s  5000.00 iters/s
rps_10000 ↓ [ 100% ] 1599/1600 VUs  10s  10000.00 iters/s
time="2026-08-11T11:03:00Z" level=warning msg="Request Failed" error="Get \"http://sample-financial-api.irestrict-apps.svc.cluster.local/v1/accounts\": read tcp 10.73.1.31:38678->10.0.158.110:80: read: connection reset by peer"

running (1m15.0s), 1872/4800 VUs, 16275 complete and 634 interrupted iterations
rps_500   ✓ [ 100% ] 0046/0744 VUs  10s  500.00 iters/s
rps_1000  ✓ [ 100% ] 0162/1225 VUs  10s  1000.00 iters/s
rps_2000  ✓ [ 100% ] 0426/1600 VUs  10s  2000.00 iters/s
rps_5000  ↓ [ 100% ] 1599/1600 VUs  10s  5000.00 iters/s
rps_10000 ↓ [ 100% ] 1599/1600 VUs  10s  10000.00 iters/s
time="2026-08-11T11:03:01Z" level=warning msg="Request Failed" error="Get \"http://sample-financial-api.irestrict-apps.svc.cluster.local/v1/accounts\": read tcp 10.73.1.31:42568->10.0.158.110:80: read: connection reset by peer"
time="2026-08-11T11:03:01Z" level=warning msg="Request Failed" error="Get \"http://sample-financial-api.irestrict-apps.svc.cluster.local/v1/accounts\": dial: i/o timeout"
time="2026-08-11T11:03:01Z" level=warning msg="Request Failed" error="Get \"http://sample-financial-api.irestrict-apps.svc.cluster.local/v1/accounts\": dial: i/o timeout"
time="2026-08-11T11:03:01Z" level=warning msg="Request Failed" error="Get \"http://sample-financial-api.irestrict-apps.svc.cluster.local/v1/accounts\": dial: i/o timeout"
time="2026-08-11T11:03:01Z" level=warning msg="Request Failed" error="Get \"http://sample-financial-api.irestrict-apps.svc.cluster.local/v1/accounts\": dial: i/o timeout"
time="2026-08-11T11:03:01Z" level=warning msg="Request Failed" error="Get \"http://sample-financial-api.irestrict-apps.svc.cluster.local/v1/accounts\": dial: i/o timeout"
time="2026-08-11T11:03:01Z" level=warning msg="Request Failed" error="Get \"http://sample-financial-api.irestrict-apps.svc.cluster.local/v1/accounts\": dial: i/o timeout"
time="2026-08-11T11:03:02Z" level=warning msg="Request Failed" error="Get \"http://sample-financial-api.irestrict-apps.svc.cluster.local/v1/accounts\": dial: i/o timeout"
time="2026-08-11T11:03:02Z" level=warning msg="Request Failed" error="Get \"http://sample-financial-api.irestrict-apps.svc.cluster.local/v1/accounts\": dial: i/o timeout"
time="2026-08-11T11:03:02Z" level=warning msg="Request Failed" error="Get \"http://sample-financial-api.irestrict-apps.svc.cluster.local/v1/accounts\": dial: i/o timeout"
time="2026-08-11T11:03:02Z" level=warning msg="Request Failed" error="Get \"http://sample-financial-api.irestrict-apps.svc.cluster.local/v1/accounts\": dial: i/o timeout"
time="2026-08-11T11:03:02Z" level=warning msg="Request Failed" error="Get \"http://sample-financial-api.irestrict-apps.svc.cluster.local/v1/accounts\": dial: i/o timeout"
time="2026-08-11T11:03:02Z" level=warning msg="Request Failed" error="Get \"http://sample-financial-api.irestrict-apps.svc.cluster.local/v1/accounts\": dial: i/o timeout"
time="2026-08-11T11:03:02Z" level=warning msg="Request Failed" error="Get \"http://sample-financial-api.irestrict-apps.svc.cluster.local/v1/accounts\": dial: i/o timeout"
time="2026-08-11T11:03:02Z" level=warning msg="Request Failed" error="Get \"http://sample-financial-api.irestrict-apps.svc.cluster.local/v1/accounts\": dial: i/o timeout"
time="2026-08-11T11:03:02Z" level=warning msg="Request Failed" error="Get \"http://sample-financial-api.irestrict-apps.svc.cluster.local/v1/accounts\": dial: i/o timeout"
time="2026-08-11T11:03:02Z" level=warning msg="Request Failed" error="Get \"http://sample-financial-api.irestrict-apps.svc.cluster.local/v1/accounts\": dial: i/o timeout"
time="2026-08-11T11:03:02Z" level=warning msg="Request Failed" error="Get \"http://sample-financial-api.irestrict-apps.svc.cluster.local/v1/accounts\": dial: i/o timeout"
time="2026-08-11T11:03:02Z" level=warning msg="Request Failed" error="Get \"http://sample-financial-api.irestrict-apps.svc.cluster.local/v1/accounts\": dial: i/o timeout"
time="2026-08-11T11:03:02Z" level=warning msg="Request Failed" error="Get \"http://sample-financial-api.irestrict-apps.svc.cluster.local/v1/accounts\": dial: i/o timeout"
time="2026-08-11T11:03:02Z" level=warning msg="Request Failed" error="Get \"http://sample-financial-api.irestrict-apps.svc.cluster.local/v1/accounts\": dial: i/o timeout"
time="2026-08-11T11:03:02Z" level=warning msg="Request Failed" error="Get \"http://sample-financial-api.irestrict-apps.svc.cluster.local/v1/accounts\": dial: i/o timeout"
time="2026-08-11T11:03:02Z" level=warning msg="Request Failed" error="Get \"http://sample-financial-api.irestrict-apps.svc.cluster.local/v1/accounts\": dial: i/o timeout"
time="2026-08-11T11:03:02Z" level=warning msg="Request Failed" error="Get \"http://sample-financial-api.irestrict-apps.svc.cluster.local/v1/accounts\": dial: i/o timeout"

running (1m16.0s), 1823/4800 VUs, 16324 complete and 634 interrupted iterations
rps_500   ✓ [ 100% ] 0046/0744 VUs  10s  500.00 iters/s
rps_1000  ✓ [ 100% ] 0162/1225 VUs  10s  1000.00 iters/s
rps_2000  ✓ [ 100% ] 0426/1600 VUs  10s  2000.00 iters/s
rps_5000  ↓ [ 100% ] 1599/1600 VUs  10s  5000.00 iters/s
rps_10000 ↓ [ 100% ] 1599/1600 VUs  10s  10000.00 iters/s

running (1m17.0s), 1799/4800 VUs, 16348 complete and 634 interrupted iterations
rps_500   ✓ [ 100% ] 0046/0744 VUs  10s  500.00 iters/s
rps_1000  ✓ [ 100% ] 0162/1225 VUs  10s  1000.00 iters/s
rps_2000  ✓ [ 100% ] 0426/1600 VUs  10s  2000.00 iters/s
rps_5000  ↓ [ 100% ] 1599/1600 VUs  10s  5000.00 iters/s
rps_10000 ↓ [ 100% ] 1599/1600 VUs  10s  10000.00 iters/s

running (1m18.0s), 1781/4800 VUs, 16366 complete and 634 interrupted iterations
rps_500   ✓ [ 100% ] 0046/0744 VUs  10s  500.00 iters/s
rps_1000  ✓ [ 100% ] 0162/1225 VUs  10s  1000.00 iters/s
rps_2000  ✓ [ 100% ] 0426/1600 VUs  10s  2000.00 iters/s
rps_5000  ↓ [ 100% ] 1599/1600 VUs  10s  5000.00 iters/s
rps_10000 ↓ [ 100% ] 1599/1600 VUs  10s  10000.00 iters/s

running (1m19.0s), 1745/4800 VUs, 16402 complete and 634 interrupted iterations
rps_500   ✓ [ 100% ] 0046/0744 VUs  10s  500.00 iters/s
rps_1000  ✓ [ 100% ] 0162/1225 VUs  10s  1000.00 iters/s
rps_2000  ✓ [ 100% ] 0426/1600 VUs  10s  2000.00 iters/s
rps_5000  ↓ [ 100% ] 1599/1600 VUs  10s  5000.00 iters/s
rps_10000 ↓ [ 100% ] 1599/1600 VUs  10s  10000.00 iters/s

running (1m20.0s), 1711/4800 VUs, 16436 complete and 634 interrupted iterations
rps_500   ✓ [ 100% ] 0046/0744 VUs  10s  500.00 iters/s
rps_1000  ✓ [ 100% ] 0162/1225 VUs  10s  1000.00 iters/s
rps_2000  ✓ [ 100% ] 0426/1600 VUs  10s  2000.00 iters/s
rps_5000  ↓ [ 100% ] 1599/1600 VUs  10s  5000.00 iters/s
rps_10000 ↓ [ 100% ] 1599/1600 VUs  10s  10000.00 iters/s

running (1m21.0s), 1664/4800 VUs, 16483 complete and 634 interrupted iterations
rps_500   ✓ [ 100% ] 0046/0744 VUs  10s  500.00 iters/s
rps_1000  ✓ [ 100% ] 0162/1225 VUs  10s  1000.00 iters/s
rps_2000  ✓ [ 100% ] 0426/1600 VUs  10s  2000.00 iters/s
rps_5000  ↓ [ 100% ] 1599/1600 VUs  10s  5000.00 iters/s
rps_10000 ↓ [ 100% ] 1599/1600 VUs  10s  10000.00 iters/s

running (1m22.0s), 1633/4800 VUs, 16514 complete and 634 interrupted iterations
rps_500   ✓ [ 100% ] 0046/0744 VUs  10s  500.00 iters/s
rps_1000  ✓ [ 100% ] 0162/1225 VUs  10s  1000.00 iters/s
rps_2000  ✓ [ 100% ] 0426/1600 VUs  10s  2000.00 iters/s
rps_5000  ↓ [ 100% ] 1599/1600 VUs  10s  5000.00 iters/s
rps_10000 ↓ [ 100% ] 1599/1600 VUs  10s  10000.00 iters/s

running (1m23.0s), 1621/4800 VUs, 16526 complete and 634 interrupted iterations
rps_500   ✓ [ 100% ] 0046/0744 VUs  10s  500.00 iters/s
rps_1000  ✓ [ 100% ] 0162/1225 VUs  10s  1000.00 iters/s
rps_2000  ✓ [ 100% ] 0426/1600 VUs  10s  2000.00 iters/s
rps_5000  ↓ [ 100% ] 1599/1600 VUs  10s  5000.00 iters/s
rps_10000 ↓ [ 100% ] 1599/1600 VUs  10s  10000.00 iters/s

running (1m24.0s), 1621/4800 VUs, 16526 complete and 634 interrupted iterations
rps_500   ✓ [ 100% ] 0046/0744 VUs  10s  500.00 iters/s
rps_1000  ✓ [ 100% ] 0162/1225 VUs  10s  1000.00 iters/s
rps_2000  ✓ [ 100% ] 0426/1600 VUs  10s  2000.00 iters/s
rps_5000  ↓ [ 100% ] 1599/1600 VUs  10s  5000.00 iters/s
rps_10000 ↓ [ 100% ] 1599/1600 VUs  10s  10000.00 iters/s

running (1m25.0s), 1130/4800 VUs, 16532 complete and 1119 interrupted iterations
rps_500   ✓ [ 100% ] 0046/0744 VUs  10s  500.00 iters/s
rps_1000  ✓ [ 100% ] 0162/1225 VUs  10s  1000.00 iters/s
rps_2000  ✓ [ 100% ] 0426/1600 VUs  10s  2000.00 iters/s
rps_5000  ✓ [ 100% ] 0797/1600 VUs  10s  5000.00 iters/s
rps_10000 ↓ [ 100% ] 1599/1600 VUs  10s  10000.00 iters/s

running (1m26.0s), 0818/4800 VUs, 16532 complete and 1431 interrupted iterations
rps_500   ✓ [ 100% ] 0046/0744 VUs  10s  500.00 iters/s
rps_1000  ✓ [ 100% ] 0162/1225 VUs  10s  1000.00 iters/s
rps_2000  ✓ [ 100% ] 0426/1600 VUs  10s  2000.00 iters/s
rps_5000  ✓ [ 100% ] 0797/1600 VUs  10s  5000.00 iters/s
rps_10000 ↓ [ 100% ] 1599/1600 VUs  10s  10000.00 iters/s

running (1m27.0s), 0811/4800 VUs, 16539 complete and 1431 interrupted iterations
rps_500   ✓ [ 100% ] 0046/0744 VUs  10s  500.00 iters/s
rps_1000  ✓ [ 100% ] 0162/1225 VUs  10s  1000.00 iters/s
rps_2000  ✓ [ 100% ] 0426/1600 VUs  10s  2000.00 iters/s
rps_5000  ✓ [ 100% ] 0797/1600 VUs  10s  5000.00 iters/s
rps_10000 ↓ [ 100% ] 1599/1600 VUs  10s  10000.00 iters/s

running (1m28.0s), 0799/4800 VUs, 16551 complete and 1431 interrupted iterations
rps_500   ✓ [ 100% ] 0046/0744 VUs  10s  500.00 iters/s
rps_1000  ✓ [ 100% ] 0162/1225 VUs  10s  1000.00 iters/s
rps_2000  ✓ [ 100% ] 0426/1600 VUs  10s  2000.00 iters/s
rps_5000  ✓ [ 100% ] 0797/1600 VUs  10s  5000.00 iters/s
rps_10000 ↓ [ 100% ] 1599/1600 VUs  10s  10000.00 iters/s

running (1m29.0s), 0772/4800 VUs, 16578 complete and 1431 interrupted iterations
rps_500   ✓ [ 100% ] 0046/0744 VUs  10s  500.00 iters/s
rps_1000  ✓ [ 100% ] 0162/1225 VUs  10s  1000.00 iters/s
rps_2000  ✓ [ 100% ] 0426/1600 VUs  10s  2000.00 iters/s
rps_5000  ✓ [ 100% ] 0797/1600 VUs  10s  5000.00 iters/s
rps_10000 ↓ [ 100% ] 1599/1600 VUs  10s  10000.00 iters/s

running (1m30.0s), 0753/4800 VUs, 16597 complete and 1431 interrupted iterations
rps_500   ✓ [ 100% ] 0046/0744 VUs  10s  500.00 iters/s
rps_1000  ✓ [ 100% ] 0162/1225 VUs  10s  1000.00 iters/s
rps_2000  ✓ [ 100% ] 0426/1600 VUs  10s  2000.00 iters/s
rps_5000  ✓ [ 100% ] 0797/1600 VUs  10s  5000.00 iters/s
rps_10000 ↓ [ 100% ] 1599/1600 VUs  10s  10000.00 iters/s

running (1m31.0s), 0740/4800 VUs, 16610 complete and 1431 interrupted iterations
rps_500   ✓ [ 100% ] 0046/0744 VUs  10s  500.00 iters/s
rps_1000  ✓ [ 100% ] 0162/1225 VUs  10s  1000.00 iters/s
rps_2000  ✓ [ 100% ] 0426/1600 VUs  10s  2000.00 iters/s
rps_5000  ✓ [ 100% ] 0797/1600 VUs  10s  5000.00 iters/s
rps_10000 ↓ [ 100% ] 1599/1600 VUs  10s  10000.00 iters/s

running (1m32.0s), 0715/4800 VUs, 16635 complete and 1431 interrupted iterations
rps_500   ✓ [ 100% ] 0046/0744 VUs  10s  500.00 iters/s
rps_1000  ✓ [ 100% ] 0162/1225 VUs  10s  1000.00 iters/s
rps_2000  ✓ [ 100% ] 0426/1600 VUs  10s  2000.00 iters/s
rps_5000  ✓ [ 100% ] 0797/1600 VUs  10s  5000.00 iters/s
rps_10000 ↓ [ 100% ] 1599/1600 VUs  10s  10000.00 iters/s

running (1m33.0s), 0703/4800 VUs, 16647 complete and 1431 interrupted iterations
rps_500   ✓ [ 100% ] 0046/0744 VUs  10s  500.00 iters/s
rps_1000  ✓ [ 100% ] 0162/1225 VUs  10s  1000.00 iters/s
rps_2000  ✓ [ 100% ] 0426/1600 VUs  10s  2000.00 iters/s
rps_5000  ✓ [ 100% ] 0797/1600 VUs  10s  5000.00 iters/s
rps_10000 ↓ [ 100% ] 1599/1600 VUs  10s  10000.00 iters/s

running (1m34.0s), 0703/4800 VUs, 16647 complete and 1431 interrupted iterations
rps_500   ✓ [ 100% ] 0046/0744 VUs  10s  500.00 iters/s
rps_1000  ✓ [ 100% ] 0162/1225 VUs  10s  1000.00 iters/s
rps_2000  ✓ [ 100% ] 0426/1600 VUs  10s  2000.00 iters/s
rps_5000  ✓ [ 100% ] 0797/1600 VUs  10s  5000.00 iters/s
rps_10000 ↓ [ 100% ] 1599/1600 VUs  10s  10000.00 iters/s

running (1m35.1s), 0691/4800 VUs, 16659 complete and 1431 interrupted iterations
rps_500   ✓ [ 100% ] 0046/0744 VUs  10s  500.00 iters/s
rps_1000  ✓ [ 100% ] 0162/1225 VUs  10s  1000.00 iters/s
rps_2000  ✓ [ 100% ] 0426/1600 VUs  10s  2000.00 iters/s
rps_5000  ✓ [ 100% ] 0797/1600 VUs  10s  5000.00 iters/s
rps_10000 ↓ [ 100% ] 1599/1600 VUs  10s  10000.00 iters/s

running (1m36.0s), 0683/4800 VUs, 16667 complete and 1431 interrupted iterations
rps_500   ✓ [ 100% ] 0046/0744 VUs  10s  500.00 iters/s
rps_1000  ✓ [ 100% ] 0162/1225 VUs  10s  1000.00 iters/s
rps_2000  ✓ [ 100% ] 0426/1600 VUs  10s  2000.00 iters/s
rps_5000  ✓ [ 100% ] 0797/1600 VUs  10s  5000.00 iters/s
rps_10000 ↓ [ 100% ] 1599/1600 VUs  10s  10000.00 iters/s

running (1m37.0s), 0683/4800 VUs, 16667 complete and 1431 interrupted iterations
rps_500   ✓ [ 100% ] 0046/0744 VUs  10s  500.00 iters/s
rps_1000  ✓ [ 100% ] 0162/1225 VUs  10s  1000.00 iters/s
rps_2000  ✓ [ 100% ] 0426/1600 VUs  10s  2000.00 iters/s
rps_5000  ✓ [ 100% ] 0797/1600 VUs  10s  5000.00 iters/s
rps_10000 ↓ [ 100% ] 1599/1600 VUs  10s  10000.00 iters/s

running (1m38.0s), 0683/4800 VUs, 16667 complete and 1431 interrupted iterations
rps_500   ✓ [ 100% ] 0046/0744 VUs  10s  500.00 iters/s
rps_1000  ✓ [ 100% ] 0162/1225 VUs  10s  1000.00 iters/s
rps_2000  ✓ [ 100% ] 0426/1600 VUs  10s  2000.00 iters/s
rps_5000  ✓ [ 100% ] 0797/1600 VUs  10s  5000.00 iters/s
rps_10000 ↓ [ 100% ] 1599/1600 VUs  10s  10000.00 iters/s

running (1m39.0s), 0677/4800 VUs, 16673 complete and 1431 interrupted iterations
rps_500   ✓ [ 100% ] 0046/0744 VUs  10s  500.00 iters/s
rps_1000  ✓ [ 100% ] 0162/1225 VUs  10s  1000.00 iters/s
rps_2000  ✓ [ 100% ] 0426/1600 VUs  10s  2000.00 iters/s
rps_5000  ✓ [ 100% ] 0797/1600 VUs  10s  5000.00 iters/s
rps_10000 ↓ [ 100% ] 1599/1600 VUs  10s  10000.00 iters/s

running (1m40.0s), 0402/4800 VUs, 16673 complete and 1706 interrupted iterations
rps_500   ✓ [ 100% ] 0046/0744 VUs  10s  500.00 iters/s
rps_1000  ✓ [ 100% ] 0162/1225 VUs  10s  1000.00 iters/s
rps_2000  ✓ [ 100% ] 0426/1600 VUs  10s  2000.00 iters/s
rps_5000  ✓ [ 100% ] 0797/1600 VUs  10s  5000.00 iters/s
rps_10000 ✓ [ 100% ] 0677/1600 VUs  10s  10000.00 iters/s

     ✗ secured 200
      ↳  99% — ✓ 16595 / ✗ 78

     checks.........................: 99.53% 16595 out of 16673
     data_received..................: 3.9 MB 39 kB/s
     data_sent......................: 4.2 MB 42 kB/s
     dropped_iterations.............: 166250 1661.032907/s
     http_req_blocked...............: avg=1.6s     min=0s      med=1s       p(90)=4.11s  p(95)=7.17s   p(99)=11.24s  max=19.81s  
     http_req_connecting............: avg=1.6s     min=0s      med=1s       p(90)=4.11s  p(95)=7.17s   p(99)=11.24s  max=19.81s  
     http_req_duration..............: avg=1.27s    min=0s      med=123.17ms p(90)=3.34s  p(95)=6.63s   p(99)=26.63s  max=26.93s  
       { expected_response:true }...: avg=1.27s    min=4.33ms  med=123.73ms p(90)=3.34s  p(95)=6.63s   p(99)=26.64s  max=26.93s  
     ✓ { offered_rate:1000 }........: avg=1.07s    min=0s      med=127.52ms p(90)=1.79s  p(95)=6.6s    p(99)=26.51s  max=26.93s  
     ✓ { offered_rate:10000 }.......: avg=2.15s    min=4.33ms  med=138.42ms p(90)=6.63s  p(95)=13.35s  p(99)=26.77s  max=26.86s  
     ✓ { offered_rate:2000 }........: avg=998.84ms min=0s      med=128.9ms  p(90)=1.81s  p(95)=3.46s   p(99)=13.56s  max=26.84s  
     ✓ { offered_rate:500 }.........: avg=733.54ms min=5.59ms  med=109.83ms p(90)=1.69s  p(95)=3.4s    p(99)=13.25s  max=26.84s  
     ✓ { offered_rate:5000 }........: avg=1.38s    min=0s      med=120.4ms  p(90)=3.35s  p(95)=6.62s   p(99)=26.71s  max=26.86s  
     http_req_failed................: 0.46%  78 out of 16673
     ✓ { offered_rate:1000 }........: 0.79%  27 out of 3411
     ✓ { offered_rate:10000 }.......: 0.02%  1 out of 3376
     ✓ { offered_rate:2000 }........: 0.68%  24 out of 3504
     ✓ { offered_rate:500 }.........: 0.00%  0 out of 3203
     ✓ { offered_rate:5000 }........: 0.81%  26 out of 3179
     http_req_receiving.............: avg=3.34ms   min=0s      med=641.2µs  p(90)=9.71ms p(95)=14.48ms p(99)=28.28ms max=218.92ms
     http_req_sending...............: avg=3.52ms   min=0s      med=451µs    p(90)=9.01ms p(95)=15.43ms p(99)=47.1ms  max=122.95ms
     http_req_tls_handshaking.......: avg=0s       min=0s      med=0s       p(90)=0s     p(95)=0s      p(99)=0s      max=0s      
     http_req_waiting...............: avg=1.26s    min=0s      med=116.53ms p(90)=3.33s  p(95)=6.62s   p(99)=26.6s   max=26.93s  
     http_reqs......................: 16673  166.582867/s
     iteration_duration.............: avg=3s       min=12.17ms med=1.09s    p(90)=8.57s  p(95)=12.21s  p(99)=30s     max=37.87s  
     iterations.....................: 16673  166.582867/s
     vus............................: 398    min=24             max=2976
     vus_max........................: 4800   min=2040           max=4800


running (1m40.1s), 0000/4800 VUs, 16673 complete and 2108 interrupted iterations
rps_500   ✓ [ 100% ] 0046/0744 VUs  10s  500.00 iters/s
rps_1000  ✓ [ 100% ] 0162/1225 VUs  10s  1000.00 iters/s
rps_2000  ✓ [ 100% ] 0426/1600 VUs  10s  2000.00 iters/s
rps_5000  ✓ [ 100% ] 0797/1600 VUs  10s  5000.00 iters/s
rps_10000 ✓ [ 100% ] 0677/1600 VUs  10s  10000.00 iters/s
