
         /\      Grafana   /‾‾/  
    /\  /  \     |\  __   /  /   
   /  \/    \    | |/ /  /   ‾‾\ 
  /          \   |   (  |  (‾)  |
 / __________ \  |_|\_\  \_____/ 

     execution: local
        script: /scripts/k6-script.js
        output: -

     scenarios: (100.00%) 2 scenarios, 100 max VUs, 1m5s max duration (incl. graceful stop):
              * secured: 50 looping VUs for 15s (exec: secured, gracefulStop: 30s)
              * baseline: 50 looping VUs for 15s (exec: baseline, startTime: 20s, gracefulStop: 30s)


running (0m00.9s), 050/100 VUs, 243 complete and 0 interrupted iterations
secured    [   6% ] 50 VUs   00.9s/15s
baseline • [   0% ] waiting  19.1s

running (0m01.9s), 050/100 VUs, 470 complete and 0 interrupted iterations
secured    [  13% ] 50 VUs   01.9s/15s
baseline • [   0% ] waiting  18.1s

running (0m02.9s), 050/100 VUs, 735 complete and 0 interrupted iterations
secured    [  20% ] 50 VUs   02.9s/15s
baseline • [   0% ] waiting  17.1s

running (0m03.9s), 050/100 VUs, 1003 complete and 0 interrupted iterations
secured    [  26% ] 50 VUs   03.9s/15s
baseline • [   0% ] waiting  16.0s

running (0m04.9s), 050/100 VUs, 1247 complete and 0 interrupted iterations
secured    [  33% ] 50 VUs   04.9s/15s
baseline • [   0% ] waiting  15.1s

running (0m05.9s), 050/100 VUs, 1510 complete and 0 interrupted iterations
secured    [  40% ] 50 VUs   05.9s/15s
baseline • [   0% ] waiting  14.1s

running (0m06.9s), 050/100 VUs, 1782 complete and 0 interrupted iterations
secured    [  46% ] 50 VUs   06.9s/15s
baseline • [   0% ] waiting  13.1s

running (0m07.9s), 050/100 VUs, 2060 complete and 0 interrupted iterations
secured    [  53% ] 50 VUs   07.9s/15s
baseline • [   0% ] waiting  12.1s

running (0m08.9s), 050/100 VUs, 2284 complete and 0 interrupted iterations
secured    [  60% ] 50 VUs   08.9s/15s
baseline • [   0% ] waiting  11.1s

running (0m09.9s), 050/100 VUs, 2556 complete and 0 interrupted iterations
secured    [  66% ] 50 VUs   09.9s/15s
baseline • [   0% ] waiting  10.1s

running (0m10.9s), 050/100 VUs, 2841 complete and 0 interrupted iterations
secured    [  73% ] 50 VUs   10.9s/15s
baseline • [   0% ] waiting  09.1s

running (0m11.9s), 050/100 VUs, 3115 complete and 0 interrupted iterations
secured    [  80% ] 50 VUs   11.9s/15s
baseline • [   0% ] waiting  08.1s

running (0m13.0s), 050/100 VUs, 3320 complete and 0 interrupted iterations
secured    [  86% ] 50 VUs   13.0s/15s
baseline • [   0% ] waiting  07.0s

running (0m13.9s), 050/100 VUs, 3596 complete and 0 interrupted iterations
secured    [  93% ] 50 VUs   13.9s/15s
baseline • [   0% ] waiting  06.1s

running (0m14.9s), 050/100 VUs, 3868 complete and 0 interrupted iterations
secured    [ 100% ] 50 VUs   14.9s/15s
baseline • [   0% ] waiting  05.1s

running (0m15.9s), 003/100 VUs, 3926 complete and 0 interrupted iterations
secured  ↓ [ 100% ] 50 VUs   15s
baseline • [   0% ] waiting  04.1s

running (0m16.9s), 000/100 VUs, 3929 complete and 0 interrupted iterations
secured  ✓ [ 100% ] 50 VUs   15s
baseline • [   0% ] waiting  03.1s

running (0m17.9s), 000/100 VUs, 3929 complete and 0 interrupted iterations
secured  ✓ [ 100% ] 50 VUs   15s
baseline • [   0% ] waiting  02.1s

running (0m18.9s), 000/100 VUs, 3929 complete and 0 interrupted iterations
secured  ✓ [ 100% ] 50 VUs   15s
baseline • [   0% ] waiting  01.1s

running (0m19.9s), 000/100 VUs, 3929 complete and 0 interrupted iterations
secured  ✓ [ 100% ] 50 VUs   15s
baseline • [   0% ] waiting  00.1s

running (0m20.9s), 050/100 VUs, 5178 complete and 0 interrupted iterations
secured  ✓ [ 100% ] 50 VUs  15s
baseline   [   6% ] 50 VUs  00.9s/15s

running (0m21.9s), 050/100 VUs, 6249 complete and 0 interrupted iterations
secured  ✓ [ 100% ] 50 VUs  15s
baseline   [  13% ] 50 VUs  01.9s/15s

running (0m22.9s), 050/100 VUs, 7630 complete and 0 interrupted iterations
secured  ✓ [ 100% ] 50 VUs  15s
baseline   [  20% ] 50 VUs  02.9s/15s

running (0m23.9s), 050/100 VUs, 8738 complete and 0 interrupted iterations
secured  ✓ [ 100% ] 50 VUs  15s
baseline   [  26% ] 50 VUs  03.9s/15s

running (0m24.9s), 050/100 VUs, 10131 complete and 0 interrupted iterations
secured  ✓ [ 100% ] 50 VUs  15s
baseline   [  33% ] 50 VUs  04.9s/15s

running (0m25.9s), 050/100 VUs, 11398 complete and 0 interrupted iterations
secured  ✓ [ 100% ] 50 VUs  15s
baseline   [  40% ] 50 VUs  05.9s/15s

running (0m26.9s), 050/100 VUs, 12777 complete and 0 interrupted iterations
secured  ✓ [ 100% ] 50 VUs  15s
baseline   [  46% ] 50 VUs  06.9s/15s

running (0m27.9s), 050/100 VUs, 14002 complete and 0 interrupted iterations
secured  ✓ [ 100% ] 50 VUs  15s
baseline   [  53% ] 50 VUs  07.9s/15s

running (0m28.9s), 050/100 VUs, 15176 complete and 0 interrupted iterations
secured  ✓ [ 100% ] 50 VUs  15s
baseline   [  60% ] 50 VUs  08.9s/15s

running (0m29.9s), 050/100 VUs, 16568 complete and 0 interrupted iterations
secured  ✓ [ 100% ] 50 VUs  15s
baseline   [  66% ] 50 VUs  09.9s/15s

running (0m30.9s), 050/100 VUs, 17899 complete and 0 interrupted iterations
secured  ✓ [ 100% ] 50 VUs  15s
baseline   [  73% ] 50 VUs  10.9s/15s

running (0m31.9s), 050/100 VUs, 19254 complete and 0 interrupted iterations
secured  ✓ [ 100% ] 50 VUs  15s
baseline   [  80% ] 50 VUs  11.9s/15s

running (0m32.9s), 050/100 VUs, 20637 complete and 0 interrupted iterations
secured  ✓ [ 100% ] 50 VUs  15s
baseline   [  86% ] 50 VUs  12.9s/15s

running (0m33.9s), 050/100 VUs, 21976 complete and 0 interrupted iterations
secured  ✓ [ 100% ] 50 VUs  15s
baseline   [  93% ] 50 VUs  13.9s/15s

running (0m34.9s), 050/100 VUs, 22986 complete and 0 interrupted iterations
secured  ✓ [ 100% ] 50 VUs  15s
baseline   [ 100% ] 50 VUs  14.9s/15s

running (0m35.9s), 004/100 VUs, 23092 complete and 0 interrupted iterations
secured  ✓ [ 100% ] 50 VUs  15s
baseline ↓ [ 100% ] 50 VUs  15s

     ✓ secured 200
     ✓ baseline 200

     checks.........................: 100.00% 23096 out of 23096
     data_received..................: 5.4 MB  149 kB/s
     data_sent......................: 5.7 MB  158 kB/s
     http_req_blocked...............: avg=48.74ms  min=86.1µs  med=205.65µs p(90)=2.38ms   p(95)=7.52ms   p(99)=1.05s    max=3.08s   
     http_req_connecting............: avg=48.62ms  min=68.8µs  med=154.6µs  p(90)=2.07ms   p(95)=6.17ms   p(99)=1.05s    max=3.08s   
     http_req_duration..............: avg=17.47ms  min=407.7µs med=5.5ms    p(90)=55.5ms   p(95)=76.88ms  p(99)=141.08ms max=1.68s   
       { expected_response:true }...: avg=17.47ms  min=407.7µs med=5.5ms    p(90)=55.5ms   p(95)=76.88ms  p(99)=141.08ms max=1.68s   
     ✓ { path:baseline }............: avg=6.87ms   min=407.7µs med=4.74ms   p(90)=9.42ms   p(95)=12.15ms  p(99)=27.68ms  max=1.68s   
     ✓ { path:secured }.............: avg=69.2ms   min=4.92ms  med=60.02ms  p(90)=108.05ms p(95)=133.57ms p(99)=284.78ms max=972.36ms
     http_req_failed................: 0.00%   0 out of 23096
     ✓ { path:baseline }............: 0.00%   0 out of 19167
     ✓ { path:secured }.............: 0.00%   0 out of 3929
     http_req_receiving.............: avg=1.06ms   min=13µs    med=247.3µs  p(90)=2.61ms   p(95)=4.63ms   p(99)=11.65ms  max=94.53ms 
     http_req_sending...............: avg=305.75µs min=13.8µs  med=69.3µs   p(90)=588.95µs p(95)=1.25ms   p(99)=3.94ms   max=65.56ms 
     http_req_tls_handshaking.......: avg=0s       min=0s      med=0s       p(90)=0s       p(95)=0s       p(99)=0s       max=0s      
     http_req_waiting...............: avg=16.1ms   min=301.1µs med=4.67ms   p(90)=52.48ms  p(95)=72.6ms   p(99)=135.63ms max=1.68s   
     http_reqs......................: 23096   641.727843/s
     iteration_duration.............: avg=66.46ms  min=714.6µs med=6.25ms   p(90)=69.84ms  p(95)=127.03ms p(99)=1.13s    max=3.76s   
     iterations.....................: 23096   641.727843/s
     vus............................: 4       min=0              max=50 
     vus_max........................: 100     min=100            max=100


running (0m36.0s), 000/100 VUs, 23096 complete and 0 interrupted iterations
secured  ✓ [ 100% ] 50 VUs  15s
baseline ✓ [ 100% ] 50 VUs  15s
