
         /\      Grafana   /‾‾/  
    /\  /  \     |\  __   /  /   
   /  \/    \    | |/ /  /   ‾‾\ 
  /          \   |   (  |  (‾)  |
 / __________ \  |_|\_\  \_____/ 

     execution: local
        script: /scripts/k6-script.js
        output: -

     scenarios: (100.00%) 2 scenarios, 100 max VUs, 1m5s max duration (incl. graceful stop):
              * secured: 50 looping VUs for 15s (exec: secured, gracefulStop: 30s)
              * baseline: 50 looping VUs for 15s (exec: baseline, startTime: 20s, gracefulStop: 30s)


running (0m01.0s), 050/100 VUs, 857 complete and 0 interrupted iterations
secured    [   7% ] 50 VUs   01.0s/15s
baseline • [   0% ] waiting  19.0s

running (0m02.0s), 050/100 VUs, 1810 complete and 0 interrupted iterations
secured    [  13% ] 50 VUs   02.0s/15s
baseline • [   0% ] waiting  18.0s

running (0m03.0s), 050/100 VUs, 2775 complete and 0 interrupted iterations
secured    [  20% ] 50 VUs   03.0s/15s
baseline • [   0% ] waiting  17.0s

running (0m04.0s), 050/100 VUs, 3794 complete and 0 interrupted iterations
secured    [  27% ] 50 VUs   04.0s/15s
baseline • [   0% ] waiting  16.0s

running (0m05.0s), 050/100 VUs, 4702 complete and 0 interrupted iterations
secured    [  33% ] 50 VUs   05.0s/15s
baseline • [   0% ] waiting  15.0s

running (0m06.0s), 050/100 VUs, 5652 complete and 0 interrupted iterations
secured    [  40% ] 50 VUs   06.0s/15s
baseline • [   0% ] waiting  14.0s

running (0m07.0s), 050/100 VUs, 6563 complete and 0 interrupted iterations
secured    [  47% ] 50 VUs   07.0s/15s
baseline • [   0% ] waiting  13.0s

running (0m08.0s), 050/100 VUs, 7535 complete and 0 interrupted iterations
secured    [  53% ] 50 VUs   08.0s/15s
baseline • [   0% ] waiting  12.0s

running (0m09.0s), 050/100 VUs, 8546 complete and 0 interrupted iterations
secured    [  60% ] 50 VUs   09.0s/15s
baseline • [   0% ] waiting  11.0s

running (0m10.0s), 050/100 VUs, 9529 complete and 0 interrupted iterations
secured    [  67% ] 50 VUs   10.0s/15s
baseline • [   0% ] waiting  10.0s

running (0m11.0s), 050/100 VUs, 10388 complete and 0 interrupted iterations
secured    [  73% ] 50 VUs   11.0s/15s
baseline • [   0% ] waiting  09.0s

running (0m12.0s), 050/100 VUs, 11412 complete and 0 interrupted iterations
secured    [  80% ] 50 VUs   12.0s/15s
baseline • [   0% ] waiting  08.0s

running (0m13.0s), 050/100 VUs, 12446 complete and 0 interrupted iterations
secured    [  87% ] 50 VUs   13.0s/15s
baseline • [   0% ] waiting  07.0s

running (0m14.0s), 050/100 VUs, 13406 complete and 0 interrupted iterations
secured    [  93% ] 50 VUs   14.0s/15s
baseline • [   0% ] waiting  06.0s

running (0m15.0s), 050/100 VUs, 14337 complete and 0 interrupted iterations
secured    [ 100% ] 50 VUs   15.0s/15s
baseline • [   0% ] waiting  05.0s

running (0m16.0s), 000/100 VUs, 14395 complete and 0 interrupted iterations
secured  ✓ [ 100% ] 50 VUs   15s
baseline • [   0% ] waiting  04.0s

running (0m17.0s), 000/100 VUs, 14395 complete and 0 interrupted iterations
secured  ✓ [ 100% ] 50 VUs   15s
baseline • [   0% ] waiting  03.0s

running (0m18.0s), 000/100 VUs, 14395 complete and 0 interrupted iterations
secured  ✓ [ 100% ] 50 VUs   15s
baseline • [   0% ] waiting  02.0s

running (0m19.0s), 000/100 VUs, 14395 complete and 0 interrupted iterations
secured  ✓ [ 100% ] 50 VUs   15s
baseline • [   0% ] waiting  01.0s

running (0m20.0s), 000/100 VUs, 14395 complete and 0 interrupted iterations
secured  ✓ [ 100% ] 50 VUs   15s
baseline • [   0% ] waiting  00.0s

running (0m21.0s), 050/100 VUs, 17099 complete and 0 interrupted iterations
secured  ✓ [ 100% ] 50 VUs  15s
baseline   [   7% ] 50 VUs  01.0s/15s

running (0m22.0s), 050/100 VUs, 19719 complete and 0 interrupted iterations
secured  ✓ [ 100% ] 50 VUs  15s
baseline   [  13% ] 50 VUs  02.0s/15s

running (0m23.0s), 050/100 VUs, 22575 complete and 0 interrupted iterations
secured  ✓ [ 100% ] 50 VUs  15s
baseline   [  20% ] 50 VUs  03.0s/15s

running (0m24.0s), 050/100 VUs, 25434 complete and 0 interrupted iterations
secured  ✓ [ 100% ] 50 VUs  15s
baseline   [  27% ] 50 VUs  04.0s/15s

running (0m25.0s), 050/100 VUs, 28031 complete and 0 interrupted iterations
secured  ✓ [ 100% ] 50 VUs  15s
baseline   [  33% ] 50 VUs  05.0s/15s

running (0m26.0s), 050/100 VUs, 30688 complete and 0 interrupted iterations
secured  ✓ [ 100% ] 50 VUs  15s
baseline   [  40% ] 50 VUs  06.0s/15s

running (0m27.0s), 050/100 VUs, 33541 complete and 0 interrupted iterations
secured  ✓ [ 100% ] 50 VUs  15s
baseline   [  47% ] 50 VUs  07.0s/15s

running (0m28.0s), 050/100 VUs, 36320 complete and 0 interrupted iterations
secured  ✓ [ 100% ] 50 VUs  15s
baseline   [  53% ] 50 VUs  08.0s/15s

running (0m29.0s), 050/100 VUs, 39214 complete and 0 interrupted iterations
secured  ✓ [ 100% ] 50 VUs  15s
baseline   [  60% ] 50 VUs  09.0s/15s

running (0m30.0s), 050/100 VUs, 41971 complete and 0 interrupted iterations
secured  ✓ [ 100% ] 50 VUs  15s
baseline   [  67% ] 50 VUs  10.0s/15s

running (0m31.0s), 050/100 VUs, 44635 complete and 0 interrupted iterations
secured  ✓ [ 100% ] 50 VUs  15s
baseline   [  73% ] 50 VUs  11.0s/15s

running (0m32.0s), 050/100 VUs, 47464 complete and 0 interrupted iterations
secured  ✓ [ 100% ] 50 VUs  15s
baseline   [  80% ] 50 VUs  12.0s/15s

running (0m33.0s), 050/100 VUs, 50303 complete and 0 interrupted iterations
secured  ✓ [ 100% ] 50 VUs  15s
baseline   [  87% ] 50 VUs  13.0s/15s

running (0m34.0s), 050/100 VUs, 53060 complete and 0 interrupted iterations
secured  ✓ [ 100% ] 50 VUs  15s
baseline   [  93% ] 50 VUs  14.0s/15s

running (0m35.0s), 050/100 VUs, 55883 complete and 0 interrupted iterations
secured  ✓ [ 100% ] 50 VUs  15s
baseline   [ 100% ] 50 VUs  15.0s/15s

running (0m36.0s), 006/100 VUs, 55965 complete and 0 interrupted iterations
secured  ✓ [ 100% ] 50 VUs  15s
baseline ↓ [ 100% ] 50 VUs  15s

     ✓ secured 200
     ✓ baseline 200

     checks.........................: 100.00% 55971 out of 55971
     data_received..................: 13 MB   360 kB/s
     data_sent......................: 14 MB   379 kB/s
     http_req_blocked...............: avg=20.92ms  min=58.87µs  med=435.86µs p(90)=732.42µs p(95)=1.01ms   p(99)=1.02s    max=3.11s  
     http_req_connecting............: avg=20.88ms  min=42.95µs  med=412.78µs p(90)=688.7µs  p(95)=943.44µs p(99)=1.02s    max=3.11s  
     http_req_duration..............: avg=6.51ms   min=284.22µs med=2.54ms   p(90)=15.03ms  p(95)=19.79ms  p(99)=31.51ms  max=1.68s  
       { expected_response:true }...: avg=6.51ms   min=284.22µs med=2.54ms   p(90)=15.03ms  p(95)=19.79ms  p(99)=31.51ms  max=1.68s  
     ✓ { path:baseline }............: avg=2.95ms   min=284.22µs med=1.87ms   p(90)=3.91ms   p(95)=4.73ms   p(99)=9.39ms   max=1.66s  
     ✓ { path:secured }.............: avg=16.8ms   min=3.16ms   med=12.88ms  p(90)=23.75ms  p(95)=28.38ms  p(99)=207.82ms max=1.68s  
     http_req_failed................: 0.00%   0 out of 55971
     ✓ { path:baseline }............: 0.00%   0 out of 41576
     ✓ { path:secured }.............: 0.00%   0 out of 14395
     http_req_receiving.............: avg=230.48µs min=12.67µs  med=73.89µs  p(90)=585.79µs p(95)=906.54µs p(99)=1.93ms   max=19.79ms
     http_req_sending...............: avg=71.67µs  min=9.05µs   med=29.67µs  p(90)=157.36µs p(95)=223.51µs p(99)=629.85µs max=11.92ms
     http_req_tls_handshaking.......: avg=0s       min=0s       med=0s       p(90)=0s       p(95)=0s       p(99)=0s       max=0s     
     http_req_waiting...............: avg=6.21ms   min=193.57µs med=2.23ms   p(90)=14.69ms  p(95)=19.41ms  p(99)=31.04ms  max=1.68s  
     http_reqs......................: 55971   1549.563042/s
     iteration_duration.............: avg=27.52ms  min=503.82µs med=2.98ms   p(90)=16.69ms  p(95)=22.79ms  p(99)=1.03s    max=3.31s  
     iterations.....................: 55971   1549.563042/s
     vus............................: 6       min=0              max=50 
     vus_max........................: 100     min=100            max=100


running (0m36.1s), 000/100 VUs, 55971 complete and 0 interrupted iterations
secured  ✓ [ 100% ] 50 VUs  15s
baseline ✓ [ 100% ] 50 VUs  15s
