
         /\      Grafana   /‾‾/  
    /\  /  \     |\  __   /  /   
   /  \/    \    | |/ /  /   ‾‾\ 
  /          \   |   (  |  (‾)  |
 / __________ \  |_|\_\  \_____/ 

     execution: local
        script: /scripts/k6-script.js
        output: -

     scenarios: (100.00%) 2 scenarios, 100 max VUs, 1m15s max duration (incl. graceful stop):
              * secured: 50 looping VUs for 20s (exec: secured, gracefulStop: 30s)
              * baseline: 50 looping VUs for 20s (exec: baseline, startTime: 25s, gracefulStop: 30s)


running (0m01.0s), 050/100 VUs, 212 complete and 0 interrupted iterations
secured    [   5% ] 50 VUs   01.0s/20s
baseline • [   0% ] waiting  24.0s

running (0m02.0s), 050/100 VUs, 467 complete and 0 interrupted iterations
secured    [  10% ] 50 VUs   02.0s/20s
baseline • [   0% ] waiting  23.0s

running (0m03.0s), 050/100 VUs, 723 complete and 0 interrupted iterations
secured    [  15% ] 50 VUs   03.0s/20s
baseline • [   0% ] waiting  22.0s

running (0m04.0s), 050/100 VUs, 990 complete and 0 interrupted iterations
secured    [  20% ] 50 VUs   04.0s/20s
baseline • [   0% ] waiting  21.0s

running (0m05.0s), 050/100 VUs, 1250 complete and 0 interrupted iterations
secured    [  25% ] 50 VUs   05.0s/20s
baseline • [   0% ] waiting  20.0s

running (0m06.0s), 050/100 VUs, 1539 complete and 0 interrupted iterations
secured    [  30% ] 50 VUs   06.0s/20s
baseline • [   0% ] waiting  19.0s

running (0m07.0s), 050/100 VUs, 1803 complete and 0 interrupted iterations
secured    [  35% ] 50 VUs   07.0s/20s
baseline • [   0% ] waiting  18.0s

running (0m08.0s), 050/100 VUs, 2080 complete and 0 interrupted iterations
secured    [  40% ] 50 VUs   08.0s/20s
baseline • [   0% ] waiting  17.0s

running (0m09.0s), 050/100 VUs, 2360 complete and 0 interrupted iterations
secured    [  45% ] 50 VUs   09.0s/20s
baseline • [   0% ] waiting  16.0s

running (0m10.0s), 050/100 VUs, 2566 complete and 0 interrupted iterations
secured    [  50% ] 50 VUs   10.0s/20s
baseline • [   0% ] waiting  15.0s

running (0m11.0s), 050/100 VUs, 2833 complete and 0 interrupted iterations
secured    [  55% ] 50 VUs   11.0s/20s
baseline • [   0% ] waiting  14.0s

running (0m12.0s), 050/100 VUs, 3056 complete and 0 interrupted iterations
secured    [  60% ] 50 VUs   12.0s/20s
baseline • [   0% ] waiting  13.0s

running (0m13.0s), 050/100 VUs, 3136 complete and 0 interrupted iterations
secured    [  65% ] 50 VUs   13.0s/20s
baseline • [   0% ] waiting  12.0s

running (0m14.0s), 050/100 VUs, 3264 complete and 0 interrupted iterations
secured    [  70% ] 50 VUs   14.0s/20s
baseline • [   0% ] waiting  11.0s

running (0m15.0s), 050/100 VUs, 3409 complete and 0 interrupted iterations
secured    [  75% ] 50 VUs   15.0s/20s
baseline • [   0% ] waiting  10.0s

running (0m16.0s), 050/100 VUs, 3663 complete and 0 interrupted iterations
secured    [  80% ] 50 VUs   16.0s/20s
baseline • [   0% ] waiting  09.0s

running (0m17.0s), 050/100 VUs, 3929 complete and 0 interrupted iterations
secured    [  85% ] 50 VUs   17.0s/20s
baseline • [   0% ] waiting  08.0s

running (0m18.0s), 050/100 VUs, 4204 complete and 0 interrupted iterations
secured    [  90% ] 50 VUs   18.0s/20s
baseline • [   0% ] waiting  07.0s

running (0m19.0s), 050/100 VUs, 4422 complete and 0 interrupted iterations
secured    [  95% ] 50 VUs   19.0s/20s
baseline • [   0% ] waiting  06.0s

running (0m20.0s), 050/100 VUs, 4692 complete and 0 interrupted iterations
secured    [ 100% ] 50 VUs   20.0s/20s
baseline • [   0% ] waiting  05.0s

running (0m21.0s), 002/100 VUs, 4753 complete and 0 interrupted iterations
secured  ↓ [ 100% ] 50 VUs   20s
baseline • [   0% ] waiting  04.0s

running (0m22.0s), 000/100 VUs, 4755 complete and 0 interrupted iterations
secured  ✓ [ 100% ] 50 VUs   20s
baseline • [   0% ] waiting  03.0s

running (0m23.0s), 000/100 VUs, 4755 complete and 0 interrupted iterations
secured  ✓ [ 100% ] 50 VUs   20s
baseline • [   0% ] waiting  02.0s

running (0m24.0s), 000/100 VUs, 4755 complete and 0 interrupted iterations
secured  ✓ [ 100% ] 50 VUs   20s
baseline • [   0% ] waiting  01.0s

running (0m25.0s), 000/100 VUs, 4755 complete and 0 interrupted iterations
secured  ✓ [ 100% ] 50 VUs   20s
baseline • [   0% ] waiting  00.0s

running (0m26.0s), 050/100 VUs, 5907 complete and 0 interrupted iterations
secured  ✓ [ 100% ] 50 VUs  20s
baseline   [   5% ] 50 VUs  01.0s/20s

running (0m27.0s), 050/100 VUs, 7174 complete and 0 interrupted iterations
secured  ✓ [ 100% ] 50 VUs  20s
baseline   [  10% ] 50 VUs  02.0s/20s

running (0m28.0s), 050/100 VUs, 8537 complete and 0 interrupted iterations
secured  ✓ [ 100% ] 50 VUs  20s
baseline   [  15% ] 50 VUs  03.0s/20s

running (0m29.0s), 050/100 VUs, 9558 complete and 0 interrupted iterations
secured  ✓ [ 100% ] 50 VUs  20s
baseline   [  20% ] 50 VUs  04.0s/20s

running (0m30.0s), 050/100 VUs, 10772 complete and 0 interrupted iterations
secured  ✓ [ 100% ] 50 VUs  20s
baseline   [  25% ] 50 VUs  05.0s/20s

running (0m31.0s), 050/100 VUs, 12011 complete and 0 interrupted iterations
secured  ✓ [ 100% ] 50 VUs  20s
baseline   [  30% ] 50 VUs  06.0s/20s

running (0m32.0s), 050/100 VUs, 13097 complete and 0 interrupted iterations
secured  ✓ [ 100% ] 50 VUs  20s
baseline   [  35% ] 50 VUs  07.0s/20s

running (0m33.0s), 050/100 VUs, 14460 complete and 0 interrupted iterations
secured  ✓ [ 100% ] 50 VUs  20s
baseline   [  40% ] 50 VUs  08.0s/20s

running (0m34.0s), 050/100 VUs, 15634 complete and 0 interrupted iterations
secured  ✓ [ 100% ] 50 VUs  20s
baseline   [  45% ] 50 VUs  09.0s/20s

running (0m35.0s), 050/100 VUs, 16871 complete and 0 interrupted iterations
secured  ✓ [ 100% ] 50 VUs  20s
baseline   [  50% ] 50 VUs  10.0s/20s

running (0m36.0s), 050/100 VUs, 17935 complete and 0 interrupted iterations
secured  ✓ [ 100% ] 50 VUs  20s
baseline   [  55% ] 50 VUs  11.0s/20s

running (0m37.0s), 050/100 VUs, 19290 complete and 0 interrupted iterations
secured  ✓ [ 100% ] 50 VUs  20s
baseline   [  60% ] 50 VUs  12.0s/20s

running (0m38.0s), 050/100 VUs, 20610 complete and 0 interrupted iterations
secured  ✓ [ 100% ] 50 VUs  20s
baseline   [  65% ] 50 VUs  13.0s/20s

running (0m39.0s), 050/100 VUs, 21920 complete and 0 interrupted iterations
secured  ✓ [ 100% ] 50 VUs  20s
baseline   [  70% ] 50 VUs  14.0s/20s

running (0m40.0s), 050/100 VUs, 22928 complete and 0 interrupted iterations
secured  ✓ [ 100% ] 50 VUs  20s
baseline   [  75% ] 50 VUs  15.0s/20s

running (0m41.0s), 050/100 VUs, 24259 complete and 0 interrupted iterations
secured  ✓ [ 100% ] 50 VUs  20s
baseline   [  80% ] 50 VUs  16.0s/20s

running (0m42.0s), 050/100 VUs, 25536 complete and 0 interrupted iterations
secured  ✓ [ 100% ] 50 VUs  20s
baseline   [  85% ] 50 VUs  17.0s/20s

running (0m43.0s), 050/100 VUs, 26783 complete and 0 interrupted iterations
secured  ✓ [ 100% ] 50 VUs  20s
baseline   [  90% ] 50 VUs  18.0s/20s

running (0m44.0s), 050/100 VUs, 28075 complete and 0 interrupted iterations
secured  ✓ [ 100% ] 50 VUs  20s
baseline   [  95% ] 50 VUs  19.0s/20s

running (0m45.0s), 050/100 VUs, 29363 complete and 0 interrupted iterations
secured  ✓ [ 100% ] 50 VUs  20s
baseline   [ 100% ] 50 VUs  20.0s/20s

running (0m46.0s), 003/100 VUs, 29467 complete and 0 interrupted iterations
secured  ✓ [ 100% ] 50 VUs  20s
baseline ↓ [ 100% ] 50 VUs  20s

     ✓ secured 200
     ✓ baseline 200

     checks.........................: 100.00% 29470 out of 29470
     data_received..................: 6.8 MB  148 kB/s
     data_sent......................: 7.3 MB  158 kB/s
     http_req_blocked...............: avg=50.2ms   min=80.9µs  med=215.4µs  p(90)=2.6ms    p(95)=9.06ms   p(99)=1.05s    max=3.11s   
     http_req_connecting............: avg=50.07ms  min=65.6µs  med=158.1µs  p(90)=2.28ms   p(95)=7.86ms   p(99)=1.05s    max=3.11s   
     http_req_duration..............: avg=18.7ms   min=421.5µs med=5.83ms   p(90)=55ms     p(95)=80.02ms  p(99)=214.06ms max=3.34s   
       { expected_response:true }...: avg=18.7ms   min=421.5µs med=5.83ms   p(90)=55ms     p(95)=80.02ms  p(99)=214.06ms max=3.34s   
     http_req_failed................: 0.00%   0 out of 29470
     ✓ { path:baseline }............: 0.00%   0 out of 24715
     ✓ { path:secured }.............: 0.00%   0 out of 4755
     http_req_receiving.............: avg=1.06ms   min=12.4µs  med=240.55µs p(90)=2.63ms   p(95)=4.37ms   p(99)=11.6ms   max=107.23ms
     http_req_sending...............: avg=303.33µs min=12.8µs  med=69.8µs   p(90)=609.21µs p(95)=1.32ms   p(99)=3.65ms   max=42.96ms 
     http_req_tls_handshaking.......: avg=0s       min=0s      med=0s       p(90)=0s       p(95)=0s       p(99)=0s       max=0s      
     http_req_waiting...............: avg=17.34ms  min=315µs   med=4.93ms   p(90)=52.08ms  p(95)=76.07ms  p(99)=210.68ms max=3.33s   
     http_reqs......................: 29470   639.84357/s
     iteration_duration.............: avg=69.16ms  min=668.6µs med=6.63ms   p(90)=70.8ms   p(95)=185.83ms p(99)=1.19s    max=4.35s   
     iterations.....................: 29470   639.84357/s
     vus............................: 3       min=0              max=50 
     vus_max........................: 100     min=100            max=100


running (0m46.1s), 000/100 VUs, 29470 complete and 0 interrupted iterations
secured  ✓ [ 100% ] 50 VUs  20s
baseline ✓ [ 100% ] 50 VUs  20s
