
         /\      Grafana   /‾‾/  
    /\  /  \     |\  __   /  /   
   /  \/    \    | |/ /  /   ‾‾\ 
  /          \   |   (  |  (‾)  |
 / __________ \  |_|\_\  \_____/ 

     execution: local
        script: /scripts/k6-script.js
        output: -

     scenarios: (100.00%) 2 scenarios, 100 max VUs, 1m5s max duration (incl. graceful stop):
              * baseline: 50 looping VUs for 15s (exec: baseline, gracefulStop: 30s)
              * secured: 50 looping VUs for 15s (exec: secured, startTime: 20s, gracefulStop: 30s)


running (0m01.0s), 050/100 VUs, 2040 complete and 0 interrupted iterations
baseline   [   6% ] 50 VUs   01.0s/15s
secured  • [   0% ] waiting  19.0s

running (0m02.0s), 050/100 VUs, 4835 complete and 0 interrupted iterations
baseline   [  13% ] 50 VUs   02.0s/15s
secured  • [   0% ] waiting  18.0s

running (0m03.0s), 050/100 VUs, 7560 complete and 0 interrupted iterations
baseline   [  20% ] 50 VUs   03.0s/15s
secured  • [   0% ] waiting  17.0s

running (0m04.0s), 050/100 VUs, 10206 complete and 0 interrupted iterations
baseline   [  26% ] 50 VUs   04.0s/15s
secured  • [   0% ] waiting  16.0s

running (0m05.0s), 050/100 VUs, 13058 complete and 0 interrupted iterations
baseline   [  33% ] 50 VUs   05.0s/15s
secured  • [   0% ] waiting  15.0s

running (0m06.0s), 050/100 VUs, 15714 complete and 0 interrupted iterations
baseline   [  40% ] 50 VUs   06.0s/15s
secured  • [   0% ] waiting  14.0s

running (0m07.0s), 050/100 VUs, 18484 complete and 0 interrupted iterations
baseline   [  46% ] 50 VUs   07.0s/15s
secured  • [   0% ] waiting  13.0s

running (0m08.0s), 050/100 VUs, 20782 complete and 0 interrupted iterations
baseline   [  53% ] 50 VUs   08.0s/15s
secured  • [   0% ] waiting  12.0s

running (0m09.0s), 050/100 VUs, 23519 complete and 0 interrupted iterations
baseline   [  60% ] 50 VUs   09.0s/15s
secured  • [   0% ] waiting  11.0s

running (0m10.0s), 050/100 VUs, 26145 complete and 0 interrupted iterations
baseline   [  66% ] 50 VUs   10.0s/15s
secured  • [   0% ] waiting  10.0s

running (0m11.0s), 050/100 VUs, 28703 complete and 0 interrupted iterations
baseline   [  73% ] 50 VUs   11.0s/15s
secured  • [   0% ] waiting  09.0s

running (0m12.0s), 050/100 VUs, 31312 complete and 0 interrupted iterations
baseline   [  80% ] 50 VUs   12.0s/15s
secured  • [   0% ] waiting  08.0s

running (0m13.0s), 050/100 VUs, 34129 complete and 0 interrupted iterations
baseline   [  86% ] 50 VUs   13.0s/15s
secured  • [   0% ] waiting  07.0s

running (0m14.0s), 050/100 VUs, 36746 complete and 0 interrupted iterations
baseline   [  93% ] 50 VUs   14.0s/15s
secured  • [   0% ] waiting  06.0s

running (0m15.0s), 050/100 VUs, 39559 complete and 0 interrupted iterations
baseline   [ 100% ] 50 VUs   15.0s/15s
secured  • [   0% ] waiting  05.0s

running (0m16.0s), 004/100 VUs, 39661 complete and 0 interrupted iterations
baseline ↓ [ 100% ] 50 VUs   15s
secured  • [   0% ] waiting  04.0s

running (0m17.0s), 000/100 VUs, 39665 complete and 0 interrupted iterations
baseline ✓ [ 100% ] 50 VUs   15s
secured  • [   0% ] waiting  03.0s

running (0m18.0s), 000/100 VUs, 39665 complete and 0 interrupted iterations
baseline ✓ [ 100% ] 50 VUs   15s
secured  • [   0% ] waiting  02.0s

running (0m19.0s), 000/100 VUs, 39665 complete and 0 interrupted iterations
baseline ✓ [ 100% ] 50 VUs   15s
secured  • [   0% ] waiting  01.0s

running (0m20.0s), 000/100 VUs, 39665 complete and 0 interrupted iterations
baseline ✓ [ 100% ] 50 VUs   15s
secured  • [   0% ] waiting  00.0s

running (0m21.0s), 050/100 VUs, 40467 complete and 0 interrupted iterations
baseline ✓ [ 100% ] 50 VUs  15s
secured    [   6% ] 50 VUs  01.0s/15s

running (0m22.0s), 050/100 VUs, 41295 complete and 0 interrupted iterations
baseline ✓ [ 100% ] 50 VUs  15s
secured    [  13% ] 50 VUs  02.0s/15s

running (0m23.0s), 050/100 VUs, 42092 complete and 0 interrupted iterations
baseline ✓ [ 100% ] 50 VUs  15s
secured    [  20% ] 50 VUs  03.0s/15s

running (0m24.0s), 050/100 VUs, 42859 complete and 0 interrupted iterations
baseline ✓ [ 100% ] 50 VUs  15s
secured    [  26% ] 50 VUs  04.0s/15s

running (0m25.0s), 050/100 VUs, 43677 complete and 0 interrupted iterations
baseline ✓ [ 100% ] 50 VUs  15s
secured    [  33% ] 50 VUs  05.0s/15s

running (0m26.0s), 050/100 VUs, 44477 complete and 0 interrupted iterations
baseline ✓ [ 100% ] 50 VUs  15s
secured    [  40% ] 50 VUs  06.0s/15s

running (0m27.0s), 050/100 VUs, 45330 complete and 0 interrupted iterations
baseline ✓ [ 100% ] 50 VUs  15s
secured    [  46% ] 50 VUs  07.0s/15s

running (0m28.0s), 050/100 VUs, 46122 complete and 0 interrupted iterations
baseline ✓ [ 100% ] 50 VUs  15s
secured    [  53% ] 50 VUs  08.0s/15s

running (0m29.0s), 050/100 VUs, 46954 complete and 0 interrupted iterations
baseline ✓ [ 100% ] 50 VUs  15s
secured    [  60% ] 50 VUs  09.0s/15s

running (0m30.0s), 050/100 VUs, 47801 complete and 0 interrupted iterations
baseline ✓ [ 100% ] 50 VUs  15s
secured    [  66% ] 50 VUs  10.0s/15s

running (0m31.0s), 050/100 VUs, 48625 complete and 0 interrupted iterations
baseline ✓ [ 100% ] 50 VUs  15s
secured    [  73% ] 50 VUs  11.0s/15s

running (0m32.0s), 050/100 VUs, 49433 complete and 0 interrupted iterations
baseline ✓ [ 100% ] 50 VUs  15s
secured    [  80% ] 50 VUs  12.0s/15s

running (0m33.0s), 050/100 VUs, 50217 complete and 0 interrupted iterations
baseline ✓ [ 100% ] 50 VUs  15s
secured    [  86% ] 50 VUs  13.0s/15s

running (0m34.0s), 050/100 VUs, 51052 complete and 0 interrupted iterations
baseline ✓ [ 100% ] 50 VUs  15s
secured    [  93% ] 50 VUs  14.0s/15s

running (0m35.0s), 050/100 VUs, 51845 complete and 0 interrupted iterations
baseline ✓ [ 100% ] 50 VUs  15s
secured    [ 100% ] 50 VUs  15.0s/15s

running (0m36.0s), 003/100 VUs, 51912 complete and 0 interrupted iterations
baseline ✓ [ 100% ] 50 VUs  15s
secured  ↓ [ 100% ] 50 VUs  15s

     ✓ baseline 200
     ✓ secured 200

     checks.........................: 100.00% 51915 out of 51915
     data_received..................: 12 MB   335 kB/s
     data_sent......................: 13 MB   353 kB/s
     http_req_blocked...............: avg=23.03ms  min=58.35µs  med=454.69µs p(90)=974.61µs p(95)=1.72ms   p(99)=1.02s   max=15.55s  
     http_req_connecting............: avg=22.98ms  min=42.78µs  med=430.02µs p(90)=901.68µs p(95)=1.58ms   p(99)=1.02s   max=15.55s  
     http_req_duration..............: avg=6.65ms   min=291.61µs med=2.4ms    p(90)=16.19ms  p(95)=22.56ms  p(99)=34.87ms max=3.33s   
       { expected_response:true }...: avg=6.65ms   min=291.61µs med=2.4ms    p(90)=16.19ms  p(95)=22.56ms  p(99)=34.87ms max=3.33s   
     ✓ { path:baseline }............: avg=3.33ms   min=291.61µs med=1.79ms   p(90)=4.15ms   p(95)=5.29ms   p(99)=10.76ms max=3.33s   
     ✓ { path:secured }.............: avg=17.39ms  min=1.89ms   med=14.21ms  p(90)=27.64ms  p(95)=32.82ms  p(99)=46.43ms max=839.16ms
     http_req_failed................: 0.00%   0 out of 51915
     ✓ { path:baseline }............: 0.00%   0 out of 39665
     ✓ { path:secured }.............: 0.00%   0 out of 12250
     http_req_receiving.............: avg=283.5µs  min=11.92µs  med=93.32µs  p(90)=689.01µs p(95)=1.09ms   p(99)=2.56ms  max=23.77ms 
     http_req_sending...............: avg=104.82µs min=9.04µs   med=38.33µs  p(90)=205.4µs  p(95)=343.75µs p(99)=1.1ms   max=14.51ms 
     http_req_tls_handshaking.......: avg=0s       min=0s       med=0s       p(90)=0s       p(95)=0s       p(99)=0s      max=0s      
     http_req_waiting...............: avg=6.26ms   min=221.23µs med=2.07ms   p(90)=15.6ms   p(95)=21.92ms  p(99)=33.94ms max=3.33s   
     http_reqs......................: 51915   1442.483903/s
     iteration_duration.............: avg=29.79ms  min=514.46µs med=2.86ms   p(90)=18.34ms  p(95)=26.03ms  p(99)=1.04s   max=15.55s  
     iterations.....................: 51915   1442.483903/s
     vus............................: 3       min=0              max=50 
     vus_max........................: 100     min=100            max=100


running (0m36.0s), 000/100 VUs, 51915 complete and 0 interrupted iterations
baseline ✓ [ 100% ] 50 VUs  15s
secured  ✓ [ 100% ] 50 VUs  15s
