
         /\      Grafana   /‾‾/  
    /\  /  \     |\  __   /  /   
   /  \/    \    | |/ /  /   ‾‾\ 
  /          \   |   (  |  (‾)  |
 / __________ \  |_|\_\  \_____/ 

     execution: local
        script: /scripts/k6-script.js
        output: -

     scenarios: (100.00%) 2 scenarios, 100 max VUs, 1m5s max duration (incl. graceful stop):
              * baseline: 50 looping VUs for 15s (exec: baseline, gracefulStop: 30s)
              * secured: 50 looping VUs for 15s (exec: secured, startTime: 20s, gracefulStop: 30s)


running (0m01.0s), 050/100 VUs, 1227 complete and 0 interrupted iterations
baseline   [   6% ] 50 VUs   01.0s/15s
secured  • [   0% ] waiting  19.0s

running (0m02.0s), 050/100 VUs, 2372 complete and 0 interrupted iterations
baseline   [  13% ] 50 VUs   02.0s/15s
secured  • [   0% ] waiting  18.0s

running (0m03.0s), 050/100 VUs, 3712 complete and 0 interrupted iterations
baseline   [  20% ] 50 VUs   03.0s/15s
secured  • [   0% ] waiting  17.0s

running (0m04.0s), 050/100 VUs, 5023 complete and 0 interrupted iterations
baseline   [  26% ] 50 VUs   04.0s/15s
secured  • [   0% ] waiting  16.0s

running (0m05.0s), 050/100 VUs, 6345 complete and 0 interrupted iterations
baseline   [  33% ] 50 VUs   05.0s/15s
secured  • [   0% ] waiting  15.0s

running (0m06.0s), 050/100 VUs, 7680 complete and 0 interrupted iterations
baseline   [  40% ] 50 VUs   06.0s/15s
secured  • [   0% ] waiting  14.0s

running (0m07.0s), 050/100 VUs, 9025 complete and 0 interrupted iterations
baseline   [  46% ] 50 VUs   07.0s/15s
secured  • [   0% ] waiting  13.0s

running (0m08.0s), 050/100 VUs, 10208 complete and 0 interrupted iterations
baseline   [  53% ] 50 VUs   08.0s/15s
secured  • [   0% ] waiting  12.0s

running (0m09.0s), 050/100 VUs, 11465 complete and 0 interrupted iterations
baseline   [  60% ] 50 VUs   09.0s/15s
secured  • [   0% ] waiting  11.0s

running (0m10.0s), 050/100 VUs, 12651 complete and 0 interrupted iterations
baseline   [  66% ] 50 VUs   10.0s/15s
secured  • [   0% ] waiting  10.0s

running (0m11.0s), 050/100 VUs, 13791 complete and 0 interrupted iterations
baseline   [  73% ] 50 VUs   11.0s/15s
secured  • [   0% ] waiting  09.0s

running (0m12.0s), 050/100 VUs, 14996 complete and 0 interrupted iterations
baseline   [  80% ] 50 VUs   12.0s/15s
secured  • [   0% ] waiting  08.0s

running (0m13.0s), 050/100 VUs, 16395 complete and 0 interrupted iterations
baseline   [  86% ] 50 VUs   13.0s/15s
secured  • [   0% ] waiting  07.0s

running (0m14.0s), 050/100 VUs, 17652 complete and 0 interrupted iterations
baseline   [  93% ] 50 VUs   14.0s/15s
secured  • [   0% ] waiting  06.0s

running (0m15.0s), 050/100 VUs, 18969 complete and 0 interrupted iterations
baseline   [ 100% ] 50 VUs   15.0s/15s
secured  • [   0% ] waiting  05.0s

running (0m16.0s), 007/100 VUs, 19067 complete and 0 interrupted iterations
baseline ↓ [ 100% ] 50 VUs   15s
secured  • [   0% ] waiting  04.0s

running (0m17.0s), 000/100 VUs, 19074 complete and 0 interrupted iterations
baseline ✓ [ 100% ] 50 VUs   15s
secured  • [   0% ] waiting  03.0s

running (0m18.0s), 000/100 VUs, 19074 complete and 0 interrupted iterations
baseline ✓ [ 100% ] 50 VUs   15s
secured  • [   0% ] waiting  02.0s

running (0m19.0s), 000/100 VUs, 19074 complete and 0 interrupted iterations
baseline ✓ [ 100% ] 50 VUs   15s
secured  • [   0% ] waiting  01.0s

running (0m20.0s), 000/100 VUs, 19074 complete and 0 interrupted iterations
baseline ✓ [ 100% ] 50 VUs   15s
secured  • [   0% ] waiting  00.0s

running (0m21.0s), 050/100 VUs, 19339 complete and 0 interrupted iterations
baseline ✓ [ 100% ] 50 VUs  15s
secured    [   6% ] 50 VUs  01.0s/15s

running (0m22.0s), 050/100 VUs, 19534 complete and 0 interrupted iterations
baseline ✓ [ 100% ] 50 VUs  15s
secured    [  13% ] 50 VUs  02.0s/15s

running (0m23.0s), 050/100 VUs, 19767 complete and 0 interrupted iterations
baseline ✓ [ 100% ] 50 VUs  15s
secured    [  20% ] 50 VUs  03.0s/15s

running (0m24.0s), 050/100 VUs, 20037 complete and 0 interrupted iterations
baseline ✓ [ 100% ] 50 VUs  15s
secured    [  26% ] 50 VUs  04.0s/15s

running (0m25.0s), 050/100 VUs, 20288 complete and 0 interrupted iterations
baseline ✓ [ 100% ] 50 VUs  15s
secured    [  33% ] 50 VUs  05.0s/15s

running (0m26.0s), 050/100 VUs, 20566 complete and 0 interrupted iterations
baseline ✓ [ 100% ] 50 VUs  15s
secured    [  40% ] 50 VUs  06.0s/15s

running (0m27.0s), 050/100 VUs, 20828 complete and 0 interrupted iterations
baseline ✓ [ 100% ] 50 VUs  15s
secured    [  46% ] 50 VUs  07.0s/15s

running (0m28.0s), 050/100 VUs, 21098 complete and 0 interrupted iterations
baseline ✓ [ 100% ] 50 VUs  15s
secured    [  53% ] 50 VUs  08.0s/15s

running (0m29.0s), 050/100 VUs, 21400 complete and 0 interrupted iterations
baseline ✓ [ 100% ] 50 VUs  15s
secured    [  60% ] 50 VUs  09.0s/15s

running (0m30.0s), 050/100 VUs, 21671 complete and 0 interrupted iterations
baseline ✓ [ 100% ] 50 VUs  15s
secured    [  66% ] 50 VUs  10.0s/15s

running (0m31.0s), 050/100 VUs, 21957 complete and 0 interrupted iterations
baseline ✓ [ 100% ] 50 VUs  15s
secured    [  73% ] 50 VUs  11.0s/15s

running (0m32.0s), 050/100 VUs, 22171 complete and 0 interrupted iterations
baseline ✓ [ 100% ] 50 VUs  15s
secured    [  80% ] 50 VUs  12.0s/15s

running (0m33.0s), 050/100 VUs, 22418 complete and 0 interrupted iterations
baseline ✓ [ 100% ] 50 VUs  15s
secured    [  86% ] 50 VUs  13.0s/15s

running (0m34.0s), 050/100 VUs, 22678 complete and 0 interrupted iterations
baseline ✓ [ 100% ] 50 VUs  15s
secured    [  93% ] 50 VUs  14.0s/15s

running (0m35.0s), 050/100 VUs, 22958 complete and 0 interrupted iterations
baseline ✓ [ 100% ] 50 VUs  15s
secured    [ 100% ] 50 VUs  15.0s/15s

running (0m36.0s), 004/100 VUs, 23009 complete and 0 interrupted iterations
baseline ✓ [ 100% ] 50 VUs  15s
secured  ↓ [ 100% ] 50 VUs  15s

     ✓ baseline 200
     ✓ secured 200

     checks.........................: 100.00% 23013 out of 23013
     data_received..................: 5.3 MB  148 kB/s
     data_sent......................: 5.7 MB  158 kB/s
     http_req_blocked...............: avg=49.49ms  min=79.1µs  med=205.7µs p(90)=2.48ms   p(95)=6.95ms   p(99)=1.05s    max=4.1s    
     http_req_connecting............: avg=49.36ms  min=63.5µs  med=153.4µs p(90)=2.19ms   p(95)=5.85ms   p(99)=1.05s    max=4.1s    
     http_req_duration..............: avg=17.04ms  min=408.2µs med=5.7ms   p(90)=53.65ms  p(95)=73.88ms  p(99)=129.44ms max=1.67s   
       { expected_response:true }...: avg=17.04ms  min=408.2µs med=5.7ms   p(90)=53.65ms  p(95)=73.88ms  p(99)=129.44ms max=1.67s   
     ✓ { path:baseline }............: avg=6.92ms   min=408.2µs med=4.89ms  p(90)=9.83ms   p(95)=12.26ms  p(99)=22.19ms  max=1.67s   
     ✓ { path:secured }.............: avg=66.01ms  min=5.21ms  med=57.37ms p(90)=101.08ms p(95)=121.74ms p(99)=292.86ms max=934.92ms
     http_req_failed................: 0.00%   0 out of 23013
     ✓ { path:baseline }............: 0.00%   0 out of 19074
     ✓ { path:secured }.............: 0.00%   0 out of 3939
     http_req_receiving.............: avg=1.01ms   min=13.2µs  med=246.2µs p(90)=2.68ms   p(95)=4.42ms   p(99)=10.5ms   max=49.33ms 
     http_req_sending...............: avg=283.65µs min=13.5µs  med=71.1µs  p(90)=630.7µs  p(95)=1.37ms   p(99)=3.7ms    max=18.25ms 
     http_req_tls_handshaking.......: avg=0s       min=0s      med=0s      p(90)=0s       p(95)=0s       p(99)=0s       max=0s      
     http_req_waiting...............: avg=15.74ms  min=298.4µs med=4.75ms  p(90)=50.74ms  p(95)=70.39ms  p(99)=124.51ms max=1.67s   
     http_reqs......................: 23013   639.225802/s
     iteration_duration.............: avg=66.77ms  min=679.9µs med=6.49ms  p(90)=65.99ms  p(95)=118.63ms p(99)=1.15s    max=4.16s   
     iterations.....................: 23013   639.225802/s
     vus............................: 4       min=0              max=50 
     vus_max........................: 100     min=100            max=100


running (0m36.0s), 000/100 VUs, 23013 complete and 0 interrupted iterations
baseline ✓ [ 100% ] 50 VUs  15s
secured  ✓ [ 100% ] 50 VUs  15s
