
         /\      Grafana   /‾‾/  
    /\  /  \     |\  __   /  /   
   /  \/    \    | |/ /  /   ‾‾\ 
  /          \   |   (  |  (‾)  |
 / __________ \  |_|\_\  \_____/ 

     execution: local
        script: /scripts/k6-script.js
        output: -

     scenarios: (100.00%) 2 scenarios, 100 max VUs, 1m15s max duration (incl. graceful stop):
              * baseline: 50 looping VUs for 20s (exec: baseline, gracefulStop: 30s)
              * secured: 50 looping VUs for 20s (exec: secured, startTime: 25s, gracefulStop: 30s)


running (0m01.0s), 050/100 VUs, 2414 complete and 0 interrupted iterations
baseline   [   5% ] 50 VUs   01.0s/20s
secured  • [   0% ] waiting  24.0s

running (0m02.0s), 050/100 VUs, 5214 complete and 0 interrupted iterations
baseline   [  10% ] 50 VUs   02.0s/20s
secured  • [   0% ] waiting  23.0s

running (0m03.0s), 050/100 VUs, 7928 complete and 0 interrupted iterations
baseline   [  15% ] 50 VUs   03.0s/20s
secured  • [   0% ] waiting  22.0s

running (0m04.0s), 050/100 VUs, 10772 complete and 0 interrupted iterations
baseline   [  20% ] 50 VUs   04.0s/20s
secured  • [   0% ] waiting  21.0s

running (0m05.0s), 050/100 VUs, 13491 complete and 0 interrupted iterations
baseline   [  25% ] 50 VUs   05.0s/20s
secured  • [   0% ] waiting  20.0s

running (0m06.0s), 050/100 VUs, 16233 complete and 0 interrupted iterations
baseline   [  30% ] 50 VUs   06.0s/20s
secured  • [   0% ] waiting  19.0s

running (0m07.0s), 050/100 VUs, 18867 complete and 0 interrupted iterations
baseline   [  35% ] 50 VUs   07.0s/20s
secured  • [   0% ] waiting  18.0s

running (0m08.0s), 050/100 VUs, 21498 complete and 0 interrupted iterations
baseline   [  40% ] 50 VUs   08.0s/20s
secured  • [   0% ] waiting  17.0s

running (0m09.0s), 050/100 VUs, 24152 complete and 0 interrupted iterations
baseline   [  45% ] 50 VUs   09.0s/20s
secured  • [   0% ] waiting  16.0s

running (0m10.0s), 050/100 VUs, 26987 complete and 0 interrupted iterations
baseline   [  50% ] 50 VUs   10.0s/20s
secured  • [   0% ] waiting  15.0s

running (0m11.0s), 050/100 VUs, 29678 complete and 0 interrupted iterations
baseline   [  55% ] 50 VUs   11.0s/20s
secured  • [   0% ] waiting  14.0s

running (0m12.0s), 050/100 VUs, 32310 complete and 0 interrupted iterations
baseline   [  60% ] 50 VUs   12.0s/20s
secured  • [   0% ] waiting  13.0s

running (0m13.0s), 050/100 VUs, 34827 complete and 0 interrupted iterations
baseline   [  65% ] 50 VUs   13.0s/20s
secured  • [   0% ] waiting  12.0s

running (0m14.0s), 050/100 VUs, 37555 complete and 0 interrupted iterations
baseline   [  70% ] 50 VUs   14.0s/20s
secured  • [   0% ] waiting  11.0s

running (0m15.0s), 050/100 VUs, 40127 complete and 0 interrupted iterations
baseline   [  75% ] 50 VUs   15.0s/20s
secured  • [   0% ] waiting  10.0s

running (0m16.0s), 050/100 VUs, 42848 complete and 0 interrupted iterations
baseline   [  80% ] 50 VUs   16.0s/20s
secured  • [   0% ] waiting  09.0s

running (0m17.0s), 050/100 VUs, 45347 complete and 0 interrupted iterations
baseline   [  85% ] 50 VUs   17.0s/20s
secured  • [   0% ] waiting  08.0s

running (0m18.0s), 050/100 VUs, 48236 complete and 0 interrupted iterations
baseline   [  90% ] 50 VUs   18.0s/20s
secured  • [   0% ] waiting  07.0s

running (0m19.0s), 050/100 VUs, 51086 complete and 0 interrupted iterations
baseline   [  95% ] 50 VUs   19.0s/20s
secured  • [   0% ] waiting  06.0s

running (0m20.0s), 050/100 VUs, 53803 complete and 0 interrupted iterations
baseline   [ 100% ] 50 VUs   20.0s/20s
secured  • [   0% ] waiting  05.0s

running (0m21.0s), 006/100 VUs, 53917 complete and 0 interrupted iterations
baseline ↓ [ 100% ] 50 VUs   20s
secured  • [   0% ] waiting  04.0s

running (0m22.0s), 000/100 VUs, 53923 complete and 0 interrupted iterations
baseline ✓ [ 100% ] 50 VUs   20s
secured  • [   0% ] waiting  03.0s

running (0m23.0s), 000/100 VUs, 53923 complete and 0 interrupted iterations
baseline ✓ [ 100% ] 50 VUs   20s
secured  • [   0% ] waiting  02.0s

running (0m24.0s), 000/100 VUs, 53923 complete and 0 interrupted iterations
baseline ✓ [ 100% ] 50 VUs   20s
secured  • [   0% ] waiting  01.0s

running (0m25.0s), 000/100 VUs, 53923 complete and 0 interrupted iterations
baseline ✓ [ 100% ] 50 VUs   20s
secured  • [   0% ] waiting  00.0s

running (0m26.0s), 050/100 VUs, 54452 complete and 0 interrupted iterations
baseline ✓ [ 100% ] 50 VUs  20s
secured    [   5% ] 50 VUs  01.0s/20s

running (0m27.0s), 050/100 VUs, 55221 complete and 0 interrupted iterations
baseline ✓ [ 100% ] 50 VUs  20s
secured    [  10% ] 50 VUs  02.0s/20s

running (0m28.0s), 050/100 VUs, 56012 complete and 0 interrupted iterations
baseline ✓ [ 100% ] 50 VUs  20s
secured    [  15% ] 50 VUs  03.0s/20s

running (0m29.0s), 050/100 VUs, 56817 complete and 0 interrupted iterations
baseline ✓ [ 100% ] 50 VUs  20s
secured    [  20% ] 50 VUs  04.0s/20s

running (0m30.0s), 050/100 VUs, 57660 complete and 0 interrupted iterations
baseline ✓ [ 100% ] 50 VUs  20s
secured    [  25% ] 50 VUs  05.0s/20s

running (0m31.0s), 050/100 VUs, 58432 complete and 0 interrupted iterations
baseline ✓ [ 100% ] 50 VUs  20s
secured    [  30% ] 50 VUs  06.0s/20s

running (0m32.0s), 050/100 VUs, 59263 complete and 0 interrupted iterations
baseline ✓ [ 100% ] 50 VUs  20s
secured    [  35% ] 50 VUs  07.0s/20s

running (0m33.0s), 050/100 VUs, 60013 complete and 0 interrupted iterations
baseline ✓ [ 100% ] 50 VUs  20s
secured    [  40% ] 50 VUs  08.0s/20s

running (0m34.0s), 050/100 VUs, 60791 complete and 0 interrupted iterations
baseline ✓ [ 100% ] 50 VUs  20s
secured    [  45% ] 50 VUs  09.0s/20s

running (0m35.0s), 050/100 VUs, 61607 complete and 0 interrupted iterations
baseline ✓ [ 100% ] 50 VUs  20s
secured    [  50% ] 50 VUs  10.0s/20s

running (0m36.0s), 050/100 VUs, 62426 complete and 0 interrupted iterations
baseline ✓ [ 100% ] 50 VUs  20s
secured    [  55% ] 50 VUs  11.0s/20s

running (0m37.0s), 050/100 VUs, 63203 complete and 0 interrupted iterations
baseline ✓ [ 100% ] 50 VUs  20s
secured    [  60% ] 50 VUs  12.0s/20s

running (0m38.0s), 050/100 VUs, 64015 complete and 0 interrupted iterations
baseline ✓ [ 100% ] 50 VUs  20s
secured    [  65% ] 50 VUs  13.0s/20s

running (0m39.0s), 050/100 VUs, 64839 complete and 0 interrupted iterations
baseline ✓ [ 100% ] 50 VUs  20s
secured    [  70% ] 50 VUs  14.0s/20s

running (0m40.0s), 050/100 VUs, 65654 complete and 0 interrupted iterations
baseline ✓ [ 100% ] 50 VUs  20s
secured    [  75% ] 50 VUs  15.0s/20s

running (0m41.0s), 050/100 VUs, 66195 complete and 0 interrupted iterations
baseline ✓ [ 100% ] 50 VUs  20s
secured    [  80% ] 50 VUs  16.0s/20s

running (0m42.0s), 050/100 VUs, 66956 complete and 0 interrupted iterations
baseline ✓ [ 100% ] 50 VUs  20s
secured    [  85% ] 50 VUs  17.0s/20s

running (0m43.0s), 050/100 VUs, 67757 complete and 0 interrupted iterations
baseline ✓ [ 100% ] 50 VUs  20s
secured    [  90% ] 50 VUs  18.0s/20s

running (0m44.0s), 050/100 VUs, 68522 complete and 0 interrupted iterations
baseline ✓ [ 100% ] 50 VUs  20s
secured    [  95% ] 50 VUs  19.0s/20s

running (0m45.0s), 050/100 VUs, 69314 complete and 0 interrupted iterations
baseline ✓ [ 100% ] 50 VUs  20s
secured    [ 100% ] 50 VUs  20.0s/20s

running (0m46.0s), 001/100 VUs, 69380 complete and 0 interrupted iterations
baseline ✓ [ 100% ] 50 VUs  20s
secured  ↓ [ 100% ] 50 VUs  20s

     ✓ baseline 200
     ✓ secured 200

     checks.........................: 100.00% 69381 out of 69381
     data_received..................: 16 MB   348 kB/s
     data_sent......................: 17 MB   368 kB/s
     http_req_blocked...............: avg=22.59ms  min=55.71µs  med=455.14µs p(90)=937.73µs p(95)=1.59ms   p(99)=1.02s   max=7.13s  
     http_req_connecting............: avg=22.54ms  min=40.96µs  med=429.47µs p(90)=872.46µs p(95)=1.46ms   p(99)=1.02s   max=7.13s  
     http_req_duration..............: avg=6.73ms   min=292.37µs med=2.32ms   p(90)=15.46ms  p(95)=21.6ms   p(99)=35.58ms max=6.6s   
       { expected_response:true }...: avg=6.73ms   min=292.37µs med=2.32ms   p(90)=15.46ms  p(95)=21.6ms   p(99)=35.58ms max=6.6s   
     http_req_failed................: 0.00%   0 out of 69381
     ✓ { path:baseline }............: 0.00%   0 out of 53923
     ✓ { path:secured }.............: 0.00%   0 out of 15458
     http_req_receiving.............: avg=277µs    min=9.62µs   med=93.87µs  p(90)=676.77µs p(95)=1.08ms   p(99)=2.47ms  max=14.38ms
     http_req_sending...............: avg=107.25µs min=9.51µs   med=40.29µs  p(90)=207.98µs p(95)=333.94µs p(99)=1.13ms  max=14.5ms 
     http_req_tls_handshaking.......: avg=0s       min=0s       med=0s       p(90)=0s       p(95)=0s       p(99)=0s      max=0s     
     http_req_waiting...............: avg=6.35ms   min=199.26µs med=1.98ms   p(90)=14.83ms  p(95)=20.94ms  p(99)=34.79ms max=6.6s   
     http_reqs......................: 69381   1499.061362/s
     iteration_duration.............: avg=29.43ms  min=533.55µs med=2.78ms   p(90)=17.48ms  p(95)=25.03ms  p(99)=1.03s   max=7.63s  
     iterations.....................: 69381   1499.061362/s
     vus............................: 1       min=0              max=50 
     vus_max........................: 100     min=100            max=100


running (0m46.3s), 000/100 VUs, 69381 complete and 0 interrupted iterations
baseline ✓ [ 100% ] 50 VUs  20s
secured  ✓ [ 100% ] 50 VUs  20s
